Archive member included to satisfy reference by file (symbol)

d:/programmation/stm32cubeide_1.12.1/stm32cubeide/plugins/com.st.stm32cube.ide.mcu.externaltools.gnu-tools-for-stm32.10.3-2021.10.win32_1.0.200.202301161003/tools/bin/../lib/gcc/arm-none-eabi/10.3.1/../../../../arm-none-eabi/lib/thumb/v7e-m+fp/hard\libc_nano.a(lib_a-errno.o)
                              ./Core/Src/syscalls.o (__errno)
d:/programmation/stm32cubeide_1.12.1/stm32cubeide/plugins/com.st.stm32cube.ide.mcu.externaltools.gnu-tools-for-stm32.10.3-2021.10.win32_1.0.200.202301161003/tools/bin/../lib/gcc/arm-none-eabi/10.3.1/../../../../arm-none-eabi/lib/thumb/v7e-m+fp/hard\libc_nano.a(lib_a-exit.o)
                              d:/programmation/stm32cubeide_1.12.1/stm32cubeide/plugins/com.st.stm32cube.ide.mcu.externaltools.gnu-tools-for-stm32.10.3-2021.10.win32_1.0.200.202301161003/tools/bin/../lib/gcc/arm-none-eabi/10.3.1/../../../../arm-none-eabi/lib/thumb/v7e-m+fp/hard/crt0.o (exit)
d:/programmation/stm32cubeide_1.12.1/stm32cubeide/plugins/com.st.stm32cube.ide.mcu.externaltools.gnu-tools-for-stm32.10.3-2021.10.win32_1.0.200.202301161003/tools/bin/../lib/gcc/arm-none-eabi/10.3.1/../../../../arm-none-eabi/lib/thumb/v7e-m+fp/hard\libc_nano.a(lib_a-impure.o)
                              d:/programmation/stm32cubeide_1.12.1/stm32cubeide/plugins/com.st.stm32cube.ide.mcu.externaltools.gnu-tools-for-stm32.10.3-2021.10.win32_1.0.200.202301161003/tools/bin/../lib/gcc/arm-none-eabi/10.3.1/../../../../arm-none-eabi/lib/thumb/v7e-m+fp/hard\libc_nano.a(lib_a-exit.o) (_global_impure_ptr)
d:/programmation/stm32cubeide_1.12.1/stm32cubeide/plugins/com.st.stm32cube.ide.mcu.externaltools.gnu-tools-for-stm32.10.3-2021.10.win32_1.0.200.202301161003/tools/bin/../lib/gcc/arm-none-eabi/10.3.1/../../../../arm-none-eabi/lib/thumb/v7e-m+fp/hard\libc_nano.a(lib_a-init.o)
                              d:/programmation/stm32cubeide_1.12.1/stm32cubeide/plugins/com.st.stm32cube.ide.mcu.externaltools.gnu-tools-for-stm32.10.3-2021.10.win32_1.0.200.202301161003/tools/bin/../lib/gcc/arm-none-eabi/10.3.1/../../../../arm-none-eabi/lib/thumb/v7e-m+fp/hard/crt0.o (__libc_init_array)
d:/programmation/stm32cubeide_1.12.1/stm32cubeide/plugins/com.st.stm32cube.ide.mcu.externaltools.gnu-tools-for-stm32.10.3-2021.10.win32_1.0.200.202301161003/tools/bin/../lib/gcc/arm-none-eabi/10.3.1/../../../../arm-none-eabi/lib/thumb/v7e-m+fp/hard\libc_nano.a(lib_a-memcpy-stub.o)
                              ./Core/Src/main.o (memcpy)
d:/programmation/stm32cubeide_1.12.1/stm32cubeide/plugins/com.st.stm32cube.ide.mcu.externaltools.gnu-tools-for-stm32.10.3-2021.10.win32_1.0.200.202301161003/tools/bin/../lib/gcc/arm-none-eabi/10.3.1/../../../../arm-none-eabi/lib/thumb/v7e-m+fp/hard\libc_nano.a(lib_a-memset.o)
                              d:/programmation/stm32cubeide_1.12.1/stm32cubeide/plugins/com.st.stm32cube.ide.mcu.externaltools.gnu-tools-for-stm32.10.3-2021.10.win32_1.0.200.202301161003/tools/bin/../lib/gcc/arm-none-eabi/10.3.1/../../../../arm-none-eabi/lib/thumb/v7e-m+fp/hard/crt0.o (memset)
d:/programmation/stm32cubeide_1.12.1/stm32cubeide/plugins/com.st.stm32cube.ide.mcu.externaltools.gnu-tools-for-stm32.10.3-2021.10.win32_1.0.200.202301161003/tools/bin/../lib/gcc/arm-none-eabi/10.3.1/../../../../arm-none-eabi/lib/thumb/v7e-m+fp/hard\libc_nano.a(lib_a-nano-vfprintf_float.o)
                              (_printf_float)
d:/programmation/stm32cubeide_1.12.1/stm32cubeide/plugins/com.st.stm32cube.ide.mcu.externaltools.gnu-tools-for-stm32.10.3-2021.10.win32_1.0.200.202301161003/tools/bin/../lib/gcc/arm-none-eabi/10.3.1/../../../../arm-none-eabi/lib/thumb/v7e-m+fp/hard\libc_nano.a(lib_a-nano-vfprintf_i.o)
                              d:/programmation/stm32cubeide_1.12.1/stm32cubeide/plugins/com.st.stm32cube.ide.mcu.externaltools.gnu-tools-for-stm32.10.3-2021.10.win32_1.0.200.202301161003/tools/bin/../lib/gcc/arm-none-eabi/10.3.1/../../../../arm-none-eabi/lib/thumb/v7e-m+fp/hard\libc_nano.a(lib_a-nano-vfprintf_float.o) (_printf_common)
d:/programmation/stm32cubeide_1.12.1/stm32cubeide/plugins/com.st.stm32cube.ide.mcu.externaltools.gnu-tools-for-stm32.10.3-2021.10.win32_1.0.200.202301161003/tools/bin/../lib/gcc/arm-none-eabi/10.3.1/../../../../arm-none-eabi/lib/thumb/v7e-m+fp/hard\libc_nano.a(lib_a-printf.o)
                              ./Core/Src/main.o (printf)
d:/programmation/stm32cubeide_1.12.1/stm32cubeide/plugins/com.st.stm32cube.ide.mcu.externaltools.gnu-tools-for-stm32.10.3-2021.10.win32_1.0.200.202301161003/tools/bin/../lib/gcc/arm-none-eabi/10.3.1/../../../../arm-none-eabi/lib/thumb/v7e-m+fp/hard\libc_nano.a(lib_a-puts.o)
                              ./Core/Src/main.o (puts)
d:/programmation/stm32cubeide_1.12.1/stm32cubeide/plugins/com.st.stm32cube.ide.mcu.externaltools.gnu-tools-for-stm32.10.3-2021.10.win32_1.0.200.202301161003/tools/bin/../lib/gcc/arm-none-eabi/10.3.1/../../../../arm-none-eabi/lib/thumb/v7e-m+fp/hard\libc_nano.a(lib_a-sprintf.o)
[...]
Memory Configuration

Name             Origin             Length             Attributes
RAM              0x0000000020000000 0x0000000000020000 xrw
FLASH            0x0000000008000000 0x0000000000080000 xr
*default*        0x0000000000000000 0xffffffffffffffff

Linker script and memory map

LOAD d:/programmation/stm32cubeide_1.12.1/stm32cubeide/plugins/com.st.stm32cube.ide.mcu.externaltools.gnu-tools-for-stm32.10.3-2021.10.win32_1.0.200.202301161003/tools/bin/../lib/gcc/arm-none-eabi/10.3.1/thumb/v7e-m+fp/hard/crti.o
LOAD d:/programmation/stm32cubeide_1.12.1/stm32cubeide/plugins/com.st.stm32cube.ide.mcu.externaltools.gnu-tools-for-stm32.10.3-2021.10.win32_1.0.200.202301161003/tools/bin/../lib/gcc/arm-none-eabi/10.3.1/thumb/v7e-m+fp/hard/crtbegin.o
LOAD d:/programmation/stm32cubeide_1.12.1/stm32cubeide/plugins/com.st.stm32cube.ide.mcu.externaltools.gnu-tools-for-stm32.10.3-2021.10.win32_1.0.200.202301161003/tools/bin/../lib/gcc/arm-none-eabi/10.3.1/../../../../arm-none-eabi/lib/thumb/v7e-m+fp/hard/crt0.o
LOAD ./Core/Src/bmp280.o
LOAD ./Core/Src/fatfs_sd_card.o
LOAD ./Core/Src/gpio.o
LOAD ./Core/Src/main.o
LOAD ./Core/Src/mpu9250.o
LOAD ./Core/Src/spi.o
LOAD ./Core/Src/stm32f4xx_hal_msp.o
LOAD ./Core/Src/stm32f4xx_it.o
LOAD ./Core/Src/syscalls.o
LOAD ./Core/Src/sysmem.o
LOAD ./Core/Src/system_stm32f4xx.o
LOAD ./Core/Src/usart.o
LOAD ./Core/Startup/startup_stm32f411ceux.o
LOAD ./Drivers/STM32F4xx_HAL_Driver/Src/stm32f4xx_hal.o
LOAD ./Drivers/STM32F4xx_HAL_Driver/Src/stm32f4xx_hal_cortex.o
LOAD ./Drivers/STM32F4xx_HAL_Driver/Src/stm32f4xx_hal_dma.o
LOAD ./Drivers/STM32F4xx_HAL_Driver/Src/stm32f4xx_hal_dma_ex.o
LOAD ./Drivers/STM32F4xx_HAL_Driver/Src/stm32f4xx_hal_exti.o
LOAD ./Drivers/STM32F4xx_HAL_Driver/Src/stm32f4xx_hal_flash.o
LOAD ./Drivers/STM32F4xx_HAL_Driver/Src/stm32f4xx_hal_flash_ex.o
LOAD ./Drivers/STM32F4xx_HAL_Driver/Src/stm32f4xx_hal_flash_ramfunc.o
LOAD ./Drivers/STM32F4xx_HAL_Driver/Src/stm32f4xx_hal_gpio.o
LOAD ./Drivers/STM32F4xx_HAL_Driver/Src/stm32f4xx_hal_pwr.o
LOAD ./Drivers/STM32F4xx_HAL_Driver/Src/stm32f4xx_hal_pwr_ex.o
LOAD ./Drivers/STM32F4xx_HAL_Driver/Src/stm32f4xx_hal_rcc.o
LOAD ./Drivers/STM32F4xx_HAL_Driver/Src/stm32f4xx_hal_rcc_ex.o
LOAD ./Drivers/STM32F4xx_HAL_Driver/Src/stm32f4xx_hal_spi.o
LOAD ./Drivers/STM32F4xx_HAL_Driver/Src/stm32f4xx_hal_uart.o
LOAD ./FATFS/App/fatfs.o
LOAD ./FATFS/Target/user_diskio.o
LOAD ./Middlewares/Third_Party/FatFs/src/diskio.o
LOAD ./Middlewares/Third_Party/FatFs/src/ff.o
LOAD ./Middlewares/Third_Party/FatFs/src/ff_gen_drv.o
LOAD ./Middlewares/Third_Party/FatFs/src/option/ccsbcs.o
LOAD ./Middlewares/Third_Party/FatFs/src/option/syscall.o
START GROUP
LOAD d:/programmation/stm32cubeide_1.12.1/stm32cubeide/plugins/com.st.stm32cube.ide.mcu.externaltools.gnu-tools-for-stm32.10.3-2021.10.win32_1.0.200.202301161003/tools/bin/../lib/gcc/arm-none-eabi/10.3.1/../../../../arm-none-eabi/lib/thumb/v7e-m+fp/hard\libc_nano.a
LOAD d:/programmation/stm32cubeide_1.12.1/stm32cubeide/plugins/com.st.stm32cube.ide.mcu.externaltools.gnu-tools-for-stm32.10.3-2021.10.win32_1.0.200.202301161003/tools/bin/../lib/gcc/arm-none-eabi/10.3.1/../../../../arm-none-eabi/lib/thumb/v7e-m+fp/hard\libm.a
END GROUP
START GROUP
LOAD d:/programmation/stm32cubeide_1.12.1/stm32cubeide/plugins/com.st.stm32cube.ide.mcu.externaltools.gnu-tools-for-stm32.10.3-2021.10.win32_1.0.200.202301161003/tools/bin/../lib/gcc/arm-none-eabi/10.3.1/thumb/v7e-m+fp/hard\libgcc.a
LOAD d:/programmation/stm32cubeide_1.12.1/stm32cubeide/plugins/com.st.stm32cube.ide.mcu.externaltools.gnu-tools-for-stm32.10.3-2021.10.win32_1.0.200.202301161003/tools/bin/../lib/gcc/arm-none-eabi/10.3.1/../../../../arm-none-eabi/lib/thumb/v7e-m+fp/hard\libc_nano.a
END GROUP
START GROUP
LOAD d:/programmation/stm32cubeide_1.12.1/stm32cubeide/plugins/com.st.stm32cube.ide.mcu.externaltools.gnu-tools-for-stm32.10.3-2021.10.win32_1.0.200.202301161003/tools/bin/../lib/gcc/arm-none-eabi/10.3.1/thumb/v7e-m+fp/hard\libgcc.a
LOAD d:/programmation/stm32cubeide_1.12.1/stm32cubeide/plugins/com.st.stm32cube.ide.mcu.externaltools.gnu-tools-for-stm32.10.3-2021.10.win32_1.0.200.202301161003/tools/bin/../lib/gcc/arm-none-eabi/10.3.1/../../../../arm-none-eabi/lib/thumb/v7e-m+fp/hard\libc_nano.a
LOAD d:/programmation/stm32cubeide_1.12.1/stm32cubeide/plugins/com.st.stm32cube.ide.mcu.externaltools.gnu-tools-for-stm32.10.3-2021.10.win32_1.0.200.202301161003/tools/bin/../lib/gcc/arm-none-eabi/10.3.1/../../../../arm-none-eabi/lib/thumb/v7e-m+fp/hard\libnosys.a
END GROUP
START GROUP
LOAD d:/programmation/stm32cubeide_1.12.1/stm32cubeide/plugins/com.st.stm32cube.ide.mcu.externaltools.gnu-tools-for-stm32.10.3-2021.10.win32_1.0.200.202301161003/tools/bin/../lib/gcc/arm-none-eabi/10.3.1/thumb/v7e-m+fp/hard\libgcc.a
LOAD d:/programmation/stm32cubeide_1.12.1/stm32cubeide/plugins/com.st.stm32cube.ide.mcu.externaltools.gnu-tools-for-stm32.10.3-2021.10.win32_1.0.200.202301161003/tools/bin/../lib/gcc/arm-none-eabi/10.3.1/../../../../arm-none-eabi/lib/thumb/v7e-m+fp/hard\libc_nano.a
LOAD d:/programmation/stm32cubeide_1.12.1/stm32cubeide/plugins/com.st.stm32cube.ide.mcu.externaltools.gnu-tools-for-stm32.10.3-2021.10.win32_1.0.200.202301161003/tools/bin/../lib/gcc/arm-none-eabi/10.3.1/../../../../arm-none-eabi/lib/thumb/v7e-m+fp/hard\libnosys.a
END GROUP
LOAD d:/programmation/stm32cubeide_1.12.1/stm32cubeide/plugins/com.st.stm32cube.ide.mcu.externaltools.gnu-tools-for-stm32.10.3-2021.10.win32_1.0.200.202301161003/tools/bin/../lib/gcc/arm-none-eabi/10.3.1/thumb/v7e-m+fp/hard/crtend.o
LOAD d:/programmation/stm32cubeide_1.12.1/stm32cubeide/plugins/com.st.stm32cube.ide.mcu.externaltools.gnu-tools-for-stm32.10.3-2021.10.win32_1.0.200.202301161003/tools/bin/../lib/gcc/arm-none-eabi/10.3.1/thumb/v7e-m+fp/hard/crtn.o
                0x0000000020020000                _estack = (ORIGIN (RAM) + LENGTH (RAM))
                0x0000000000000200                _Min_Heap_Size = 0x200
                0x0000000000000400                _Min_Stack_Size = 0x400

.isr_vector     0x0000000008000000      0x198
                0x0000000008000000                . = ALIGN (0x4)
 *(.isr_vector)
 .isr_vector    0x0000000008000000      0x198 ./Core/Startup/startup_stm32f411ceux.o
                0x0000000008000000                g_pfnVectors
                0x0000000008000198                . = ALIGN (0x4)

.text           0x00000000080001a0     0xb48c
                0x00000000080001a0                . = ALIGN (0x4)
 *(.text)
 .text          0x00000000080001a0       0x40 d:/programmation/stm32cubeide_1.12.1/stm32cubeide/plugins/com.st.stm32cube.ide.mcu.externaltools.gnu-tools-for-stm32.10.3-2021.10.win32_1.0.200.202301161003/tools/bin/../lib/gcc/arm-none-eabi/10.3.1/thumb/v7e-m+fp/hard/crtbegin.o
 .text          0x00000000080001e0       0x10 d:/programmation/stm32cubeide_1.12.1/stm32cubeide/plugins/com.st.stm32cube.ide.mcu.externaltools.gnu-tools-for-stm32.10.3-2021.10.win32_1.0.200.202301161003/tools/bin/../lib/gcc/arm-none-eabi/10.3.1/../../../../arm-none-eabi/lib/thumb/v7e-m+fp/hard\libc_nano.a(lib_a-strlen.o)
                0x00000000080001e0                strlen
 .text          0x00000000080001f0       0xa0 d:/programmation/stm32cubeide_1.12.1/stm32cubeide/plugins/com.st.stm32cube.ide.mcu.externaltools.gnu-tools-for-stm32.10.3-2021.10.win32_1.0.200.202301161003/tools/bin/../lib/gcc/arm-none-eabi/10.3.1/../../../../arm-none-eabi/lib/thumb/v7e-m+fp/hard\libc_nano.a(lib_a-memchr.o)
                0x00000000080001f0                memchr
 .text          0x0000000008000290      0x378 d:/programmation/stm32cubeide_1.12.1/stm32cubeide/plugins/com.st.stm32cube.ide.mcu.externaltools.gnu-tools-for-stm32.10.3-2021.10.win32_1.0.200.202301161003/tools/bin/../lib/gcc/arm-none-eabi/10.3.1/thumb/v7e-m+fp/hard\libgcc.a(_arm_addsubdf3.o)
                0x0000000008000290                __aeabi_drsub
                0x0000000008000298                __aeabi_dsub
                0x0000000008000298                __subdf3
                0x000000000800029c                __aeabi_dadd
                0x000000000800029c                __adddf3
                0x0000000008000514                __floatunsidf
                0x0000000008000514                __aeabi_ui2d
                0x0000000008000534                __floatsidf
                0x0000000008000534                __aeabi_i2d
                0x0000000008000558                __aeabi_f2d
                0x0000000008000558                __extendsfdf2
                0x000000000800059c                __floatundidf
                0x000000000800059c                __aeabi_ul2d
                0x00000000080005ac                __floatdidf
                0x00000000080005ac                __aeabi_l2d
 .text          0x0000000008000608      0x424 d:/programmation/stm32cubeide_1.12.1/stm32cubeide/plugins/com.st.stm32cube.ide.mcu.externaltools.gnu-tools-for-stm32.10.3-2021.10.win32_1.0.200.202301161003/tools/bin/../lib/gcc/arm-none-eabi/10.3.1/thumb/v7e-m+fp/hard\libgcc.a(_arm_muldivdf3.o)
                0x0000000008000608                __aeabi_dmul
                0x0000000008000608                __muldf3
                0x000000000800085c                __divdf3
                0x000000000800085c                __aeabi_ddiv
 .text          0x0000000008000a2c      0x110 d:/programmation/stm32cubeide_1.12.1/stm32cubeide/plugins/com.st.stm32cube.ide.mcu.externaltools.gnu-tools-for-stm32.10.3-2021.10.win32_1.0.200.202301161003/tools/bin/../lib/gcc/arm-none-eabi/10.3.1/thumb/v7e-m+fp/hard\libgcc.a(_arm_cmpdf2.o)
                0x0000000008000a2c                __gtdf2
                0x0000000008000a2c                __gedf2
                0x0000000008000a34                __ltdf2
                0x0000000008000a34                __ledf2
                0x0000000008000a3c                __nedf2
                0x0000000008000a3c                __eqdf2
                0x0000000008000a3c                __cmpdf2
                0x0000000008000ab8                __aeabi_cdrcmple
                0x0000000008000ac8                __aeabi_cdcmpeq
                0x0000000008000ac8                __aeabi_cdcmple
                0x0000000008000ad8                __aeabi_dcmpeq
                0x0000000008000aec                __aeabi_dcmplt
                0x0000000008000b00                __aeabi_dcmple
                0x0000000008000b14                __aeabi_dcmpge
                0x0000000008000b28                __aeabi_dcmpgt
 .text          0x0000000008000b3c       0x2c d:/programmation/stm32cubeide_1.12.1/stm32cubeide/plugins/com.st.stm32cube.ide.mcu.externaltools.gnu-tools-for-stm32.10.3-2021.10.win32_1.0.200.202301161003/tools/bin/../lib/gcc/arm-none-eabi/10.3.1/thumb/v7e-m+fp/hard\libgcc.a(_arm_unorddf2.o)
                0x0000000008000b3c                __unorddf2
                0x0000000008000b3c                __aeabi_dcmpun
 .text          0x0000000008000b68       0x50 d:/programmation/stm32cubeide_1.12.1/stm32cubeide/plugins/com.st.stm32cube.ide.mcu.externaltools.gnu-tools-for-stm32.10.3-2021.10.win32_1.0.200.202301161003/tools/bin/../lib/gcc/arm-none-eabi/10.3.1/thumb/v7e-m+fp/hard\libgcc.a(_arm_fixdfsi.o)
                0x0000000008000b68                __aeabi_d2iz
                0x0000000008000b68                __fixdfsi
 .text          0x0000000008000bb8       0xa0 d:/programmation/stm32cubeide_1.12.1/stm32cubeide/plugins/com.st.stm32cube.ide.mcu.externaltools.gnu-tools-for-stm32.10.3-2021.10.win32_1.0.200.202301161003/tools/bin/../lib/gcc/arm-none-eabi/10.3.1/thumb/v7e-m+fp/hard\libgcc.a(_aeabi_ldivmod.o)
                0x0000000008000bb8                __aeabi_ldivmod
 .text          0x0000000008000c58       0x30 d:/programmation/stm32cubeide_1.12.1/stm32cubeide/plugins/com.st.stm32cube.ide.mcu.externaltools.gnu-tools-for-stm32.10.3-2021.10.win32_1.0.200.202301161003/tools/bin/../lib/gcc/arm-none-eabi/10.3.1/thumb/v7e-m+fp/hard\libgcc.a(_aeabi_uldivmod.o)
                0x0000000008000c58                __aeabi_uldivmod
 .text          0x0000000008000c88      0x2d0 d:/programmation/stm32cubeide_1.12.1/stm32cubeide/plugins/com.st.stm32cube.ide.mcu.externaltools.gnu-tools-for-stm32.10.3-2021.10.win32_1.0.200.202301161003/tools/bin/../lib/gcc/arm-none-eabi/10.3.1/thumb/v7e-m+fp/hard\libgcc.a(_udivmoddi4.o)
                0x0000000008000c88                __udivmoddi4
 .text          0x0000000008000f58        0x4 d:/programmation/stm32cubeide_1.12.1/stm32cubeide/plugins/com.st.stm32cube.ide.mcu.externaltools.gnu-tools-for-stm32.10.3-2021.10.win32_1.0.200.202301161003/tools/bin/../lib/gcc/arm-none-eabi/10.3.1/thumb/v7e-m+fp/hard\libgcc.a(_dvmd_tls.o)
                0x0000000008000f58                __aeabi_idiv0
                0x0000000008000f58                __aeabi_ldiv0
 *(.text*)
 .text.BMP280_CS_LOW
                0x0000000008000f5c       0x18 ./Core/Src/bmp280.o
                0x0000000008000f5c                BMP280_CS_LOW
 .text.BMP280_CS_HIGH
                0x0000000008000f74       0x18 ./Core/Src/bmp280.o
                0x0000000008000f74                BMP280_CS_HIGH
 .text.bmp280_read_register
                0x0000000008000f8c       0x4c ./Core/Src/bmp280.o
                0x0000000008000f8c                bmp280_read_register
 .text.bmp280_read_registers
                0x0000000008000fd8       0x52 ./Core/Src/bmp280.o
                0x0000000008000fd8                bmp280_read_registers
 .text.bmp280_read_calibration_data
                0x000000000800102a       0xfa ./Core/Src/bmp280.o
                0x000000000800102a                bmp280_read_calibration_data
 .text.bmp280_init
                0x0000000008001124       0x76 ./Core/Src/bmp280.o
                0x0000000008001124                bmp280_init
 .text.bmp280_compensate_T_int32
                0x000000000800119a       0x74 ./Core/Src/bmp280.o
                0x000000000800119a                bmp280_compensate_T_int32
 .text.bmp280_compensate_P_int64
                0x000000000800120e      0x57a ./Core/Src/bmp280.o
                0x000000000800120e                bmp280_compensate_P_int64
 .text.bmp280_read_temperature_and_pressure
                0x0000000008001788       0x66 ./Core/Src/bmp280.o
                0x0000000008001788                bmp280_read_temperature_and_pressure
 *fill*         0x00000000080017ee        0x2 
 .text.SELECT   0x00000000080017f0       0x20 ./Core/Src/fatfs_sd_card.o
 .text.DESELECT
                0x0000000008001810       0x20 ./Core/Src/fatfs_sd_card.o
 .text.SPI_TxByte
                0x0000000008001830       0x34 ./Core/Src/fatfs_sd_card.o
 .text.SPI_TxBuffer
                0x0000000008001864       0x34 ./Core/Src/fatfs_sd_card.o
 .text.SPI_RxByte
                0x0000000008001898       0x38 ./Core/Src/fatfs_sd_card.o
 .text.SPI_RxBytePtr
                0x00000000080018d0       0x1c ./Core/Src/fatfs_sd_card.o
 .text.SD_ReadyWait
                0x00000000080018ec       0x34 ./Core/Src/fatfs_sd_card.o
 .text.SD_PowerOn
                0x0000000008001920       0x84 ./Core/Src/fatfs_sd_card.o
 .text.SD_PowerOff
                0x00000000080019a4       0x18 ./Core/Src/fatfs_sd_card.o
 .text.SD_CheckPower
                0x00000000080019bc       0x18 ./Core/Src/fatfs_sd_card.o
 .text.SD_RxDataBlock
                0x00000000080019d4       0x5c ./Core/Src/fatfs_sd_card.o
 .text.SD_TxDataBlock
                0x0000000008001a30       0x86 ./Core/Src/fatfs_sd_card.o
 .text.SD_SendCmd
                0x0000000008001ab6       0xa8 ./Core/Src/fatfs_sd_card.o
 *fill*         0x0000000008001b5e        0x2 
 .text.SD_disk_initialize
                0x0000000008001b60      0x1cc ./Core/Src/fatfs_sd_card.o
                0x0000000008001b60                SD_disk_initialize
 .text.SD_disk_status
                0x0000000008001d2c       0x2c ./Core/Src/fatfs_sd_card.o
                0x0000000008001d2c                SD_disk_status
 .text.SD_disk_read
                0x0000000008001d58       0xd4 ./Core/Src/fatfs_sd_card.o
                0x0000000008001d58                SD_disk_read
 .text.SD_disk_write
                0x0000000008001e2c      0x108 ./Core/Src/fatfs_sd_card.o
                0x0000000008001e2c                SD_disk_write
 .text.SD_disk_ioctl
                0x0000000008001f34      0x258 ./Core/Src/fatfs_sd_card.o
                0x0000000008001f34                SD_disk_ioctl
 .text.MX_GPIO_Init
                0x000000000800218c      0x124 ./Core/Src/gpio.o
                0x000000000800218c                MX_GPIO_Init
 .text._write   0x00000000080022b0       0x2c ./Core/Src/main.o
                0x00000000080022b0                _write
 *fill*         0x00000000080022dc        0x4 
 .text.main     0x00000000080022e0      0x34c ./Core/Src/main.o
                0x00000000080022e0                main
 .text.SystemClock_Config
                0x000000000800262c       0xbc ./Core/Src/main.o
                0x000000000800262c                SystemClock_Config
 .text.init_SD_card
                0x00000000080026e8       0xc4 ./Core/Src/main.o
                0x00000000080026e8                init_SD_card
 .text.process_SD_card
                0x00000000080027ac       0xe0 ./Core/Src/main.o
                0x00000000080027ac                process_SD_card
 .text.Error_Handler
                0x000000000800288c        0xa ./Core/Src/main.o
                0x000000000800288c                Error_Handler
 *fill*         0x0000000008002896        0x2 
 .text.MPU9250_CS_LOW
                0x0000000008002898       0x18 ./Core/Src/mpu9250.o
                0x0000000008002898                MPU9250_CS_LOW
 .text.MPU9250_CS_HIGH
                0x00000000080028b0       0x18 ./Core/Src/mpu9250.o
                0x00000000080028b0                MPU9250_CS_HIGH
 .text.MPU9250_SPI_Write
                0x00000000080028c8       0x3c ./Core/Src/mpu9250.o
                0x00000000080028c8                MPU9250_SPI_Write
 .text.MPU9250_SPI_Read
                0x0000000008002904       0x4a ./Core/Src/mpu9250.o
                0x0000000008002904                MPU9250_SPI_Read
 .text.MPU9250_ReadAccel
                0x000000000800294e       0x5a ./Core/Src/mpu9250.o
                0x000000000800294e                MPU9250_ReadAccel
 .text.MPU9250_ReadGyro
                0x00000000080029a8       0x5a ./Core/Src/mpu9250.o
                0x00000000080029a8                MPU9250_ReadGyro
 .text.MPU9250_Init
                0x0000000008002a02       0x62 ./Core/Src/mpu9250.o
                0x0000000008002a02                MPU9250_Init
 .text.MX_SPI1_Init
                0x0000000008002a64       0x6c ./Core/Src/spi.o
                0x0000000008002a64                MX_SPI1_Init
 .text.MX_SPI3_Init
                0x0000000008002ad0       0x6c ./Core/Src/spi.o
                0x0000000008002ad0                MX_SPI3_Init
 .text.HAL_SPI_MspInit
                0x0000000008002b3c       0xfc ./Core/Src/spi.o
                0x0000000008002b3c                HAL_SPI_MspInit
 .text.HAL_MspInit
                0x0000000008002c38       0x50 ./Core/Src/stm32f4xx_hal_msp.o
                0x0000000008002c38                HAL_MspInit
 .text.NMI_Handler
                0x0000000008002c88        0x6 ./Core/Src/stm32f4xx_it.o
                0x0000000008002c88                NMI_Handler
 .text.HardFault_Handler
                0x0000000008002c8e        0x6 ./Core/Src/stm32f4xx_it.o
                0x0000000008002c8e                HardFault_Handler
 .text.MemManage_Handler
                0x0000000008002c94        0x6 ./Core/Src/stm32f4xx_it.o
                0x0000000008002c94                MemManage_Handler
 .text.BusFault_Handler
                0x0000000008002c9a        0x6 ./Core/Src/stm32f4xx_it.o
                0x0000000008002c9a                BusFault_Handler
 .text.UsageFault_Handler
                0x0000000008002ca0        0x6 ./Core/Src/stm32f4xx_it.o
                0x0000000008002ca0                UsageFault_Handler
 .text.SVC_Handler
                0x0000000008002ca6        0xe ./Core/Src/stm32f4xx_it.o
                0x0000000008002ca6                SVC_Handler
 .text.DebugMon_Handler
                0x0000000008002cb4        0xe ./Core/Src/stm32f4xx_it.o
                0x0000000008002cb4                DebugMon_Handler
 .text.PendSV_Handler
                0x0000000008002cc2        0xe ./Core/Src/stm32f4xx_it.o
                0x0000000008002cc2                PendSV_Handler
 .text.SysTick_Handler
                0x0000000008002cd0       0x3c ./Core/Src/stm32f4xx_it.o
                0x0000000008002cd0                SysTick_Handler
 .text._getpid  0x0000000008002d0c       0x10 ./Core/Src/syscalls.o
                0x0000000008002d0c                _getpid
 .text._kill    0x0000000008002d1c       0x20 ./Core/Src/syscalls.o
                0x0000000008002d1c                _kill
 .text._exit    0x0000000008002d3c       0x14 ./Core/Src/syscalls.o
                0x0000000008002d3c                _exit
 .text._read    0x0000000008002d50       0x3a ./Core/Src/syscalls.o
                0x0000000008002d50                _read
 .text._close   0x0000000008002d8a       0x18 ./Core/Src/syscalls.o
                0x0000000008002d8a                _close
 .text._fstat   0x0000000008002da2       0x20 ./Core/Src/syscalls.o
                0x0000000008002da2                _fstat
 .text._isatty  0x0000000008002dc2       0x16 ./Core/Src/syscalls.o
                0x0000000008002dc2                _isatty
 .text._lseek   0x0000000008002dd8       0x1a ./Core/Src/syscalls.o
                0x0000000008002dd8                _lseek
 *fill*         0x0000000008002df2        0x2 
 .text._sbrk    0x0000000008002df4       0x6c ./Core/Src/sysmem.o
                0x0000000008002df4                _sbrk
 .text.SystemInit
                0x0000000008002e60       0x24 ./Core/Src/system_stm32f4xx.o
                0x0000000008002e60                SystemInit
 .text.MX_USART1_UART_Init
                0x0000000008002e84       0x54 ./Core/Src/usart.o
                0x0000000008002e84                MX_USART1_UART_Init
 .text.MX_USART2_UART_Init
                0x0000000008002ed8       0x54 ./Core/Src/usart.o
                0x0000000008002ed8                MX_USART2_UART_Init
 .text.HAL_UART_MspInit
                0x0000000008002f2c       0xf8 ./Core/Src/usart.o
                0x0000000008002f2c                HAL_UART_MspInit
 .text.Reset_Handler
                0x0000000008003024       0x50 ./Core/Startup/startup_stm32f411ceux.o
                0x0000000008003024                Reset_Handler
 .text.Default_Handler
                0x0000000008003074        0x2 ./Core/Startup/startup_stm32f411ceux.o
                0x0000000008003074                RTC_Alarm_IRQHandler
                0x0000000008003074                EXTI2_IRQHandler
                0x0000000008003074                SPI4_IRQHandler
                0x0000000008003074                TIM1_CC_IRQHandler
                0x0000000008003074                DMA2_Stream5_IRQHandler
                0x0000000008003074                DMA1_Stream5_IRQHandler
                0x0000000008003074                PVD_IRQHandler
                0x0000000008003074                SDIO_IRQHandler
                0x0000000008003074                TAMP_STAMP_IRQHandler
                0x0000000008003074                EXTI3_IRQHandler
                0x0000000008003074                TIM1_UP_TIM10_IRQHandler
                0x0000000008003074                I2C3_ER_IRQHandler
                0x0000000008003074                EXTI0_IRQHandler
                0x0000000008003074                I2C2_EV_IRQHandler
                0x0000000008003074                DMA1_Stream2_IRQHandler
                0x0000000008003074                FPU_IRQHandler
                0x0000000008003074                DMA2_Stream2_IRQHandler
                0x0000000008003074                SPI1_IRQHandler
                0x0000000008003074                TIM1_BRK_TIM9_IRQHandler
                0x0000000008003074                DMA2_Stream3_IRQHandler
                0x0000000008003074                USART6_IRQHandler
                0x0000000008003074                DMA2_Stream0_IRQHandler
                0x0000000008003074                TIM4_IRQHandler
                0x0000000008003074                I2C1_EV_IRQHandler
                0x0000000008003074                DMA1_Stream6_IRQHandler
                0x0000000008003074                DMA1_Stream1_IRQHandler
                0x0000000008003074                TIM3_IRQHandler
                0x0000000008003074                RCC_IRQHandler
                0x0000000008003074                Default_Handler
                0x0000000008003074                EXTI15_10_IRQHandler
                0x0000000008003074                ADC_IRQHandler
                0x0000000008003074                DMA1_Stream7_IRQHandler
                0x0000000008003074                SPI5_IRQHandler
                0x0000000008003074                TIM5_IRQHandler
                0x0000000008003074                DMA2_Stream7_IRQHandler
                0x0000000008003074                I2C3_EV_IRQHandler
                0x0000000008003074                EXTI9_5_IRQHandler
                0x0000000008003074                RTC_WKUP_IRQHandler
                0x0000000008003074                SPI2_IRQHandler
                0x0000000008003074                DMA1_Stream0_IRQHandler
                0x0000000008003074                EXTI4_IRQHandler
                0x0000000008003074                WWDG_IRQHandler
                0x0000000008003074                TIM2_IRQHandler
                0x0000000008003074                OTG_FS_WKUP_IRQHandler
                0x0000000008003074                TIM1_TRG_COM_TIM11_IRQHandler
                0x0000000008003074                EXTI1_IRQHandler
                0x0000000008003074                USART2_IRQHandler
                0x0000000008003074                I2C2_ER_IRQHandler
                0x0000000008003074                DMA2_Stream1_IRQHandler
                0x0000000008003074                FLASH_IRQHandler
                0x0000000008003074                DMA2_Stream4_IRQHandler
                0x0000000008003074                USART1_IRQHandler
                0x0000000008003074                OTG_FS_IRQHandler
                0x0000000008003074                SPI3_IRQHandler
                0x0000000008003074                DMA1_Stream4_IRQHandler
                0x0000000008003074                I2C1_ER_IRQHandler
                0x0000000008003074                DMA2_Stream6_IRQHandler
                0x0000000008003074                DMA1_Stream3_IRQHandler
 *fill*         0x0000000008003076        0x2 
 .text.HAL_Init
                0x0000000008003078       0x44 ./Drivers/STM32F4xx_HAL_Driver/Src/stm32f4xx_hal.o
                0x0000000008003078                HAL_Init
 .text.HAL_InitTick
                0x00000000080030bc       0x60 ./Drivers/STM32F4xx_HAL_Driver/Src/stm32f4xx_hal.o
                0x00000000080030bc                HAL_InitTick
 .text.HAL_IncTick
                0x000000000800311c       0x28 ./Drivers/STM32F4xx_HAL_Driver/Src/stm32f4xx_hal.o
                0x000000000800311c                HAL_IncTick
 .text.HAL_GetTick
                0x0000000008003144       0x18 ./Drivers/STM32F4xx_HAL_Driver/Src/stm32f4xx_hal.o
                0x0000000008003144                HAL_GetTick
 .text.HAL_Delay
                0x000000000800315c       0x48 ./Drivers/STM32F4xx_HAL_Driver/Src/stm32f4xx_hal.o
                0x000000000800315c                HAL_Delay
 .text.__NVIC_SetPriorityGrouping
                0x00000000080031a4       0x48 ./Drivers/STM32F4xx_HAL_Driver/Src/stm32f4xx_hal_cortex.o
 .text.__NVIC_GetPriorityGrouping
                0x00000000080031ec       0x1c ./Drivers/STM32F4xx_HAL_Driver/Src/stm32f4xx_hal_cortex.o
 .text.__NVIC_SetPriority
                0x0000000008003208       0x54 ./Drivers/STM32F4xx_HAL_Driver/Src/stm32f4xx_hal_cortex.o
 .text.NVIC_EncodePriority
                0x000000000800325c       0x66 ./Drivers/STM32F4xx_HAL_Driver/Src/stm32f4xx_hal_cortex.o
 *fill*         0x00000000080032c2        0x2 
 .text.SysTick_Config
                0x00000000080032c4       0x44 ./Drivers/STM32F4xx_HAL_Driver/Src/stm32f4xx_hal_cortex.o
 .text.HAL_NVIC_SetPriorityGrouping
                0x0000000008003308       0x16 ./Drivers/STM32F4xx_HAL_Driver/Src/stm32f4xx_hal_cortex.o
                0x0000000008003308                HAL_NVIC_SetPriorityGrouping
 .text.HAL_NVIC_SetPriority
                0x000000000800331e       0x38 ./Drivers/STM32F4xx_HAL_Driver/Src/stm32f4xx_hal_cortex.o
                0x000000000800331e                HAL_NVIC_SetPriority
 .text.HAL_SYSTICK_Config
                0x0000000008003356       0x18 ./Drivers/STM32F4xx_HAL_Driver/Src/stm32f4xx_hal_cortex.o
                0x0000000008003356                HAL_SYSTICK_Config
 *fill*         0x000000000800336e        0x2 
 .text.HAL_GPIO_Init
                0x0000000008003370      0x308 ./Drivers/STM32F4xx_HAL_Driver/Src/stm32f4xx_hal_gpio.o
                0x0000000008003370                HAL_GPIO_Init
 .text.HAL_GPIO_WritePin
                0x0000000008003678       0x32 ./Drivers/STM32F4xx_HAL_Driver/Src/stm32f4xx_hal_gpio.o
                0x0000000008003678                HAL_GPIO_WritePin
 *fill*         0x00000000080036aa        0x2 
 .text.HAL_RCC_OscConfig
                0x00000000080036ac      0x4f0 ./Drivers/STM32F4xx_HAL_Driver/Src/stm32f4xx_hal_rcc.o
                0x00000000080036ac                HAL_RCC_OscConfig
 .text.HAL_RCC_ClockConfig
                0x0000000008003b9c      0x1cc ./Drivers/STM32F4xx_HAL_Driver/Src/stm32f4xx_hal_rcc.o
                0x0000000008003b9c                HAL_RCC_ClockConfig
 .text.HAL_RCC_GetSysClockFreq
                0x0000000008003d68      0x18c ./Drivers/STM32F4xx_HAL_Driver/Src/stm32f4xx_hal_rcc.o
                0x0000000008003d68                HAL_RCC_GetSysClockFreq
 .text.HAL_RCC_GetHCLKFreq
                0x0000000008003ef4       0x18 ./Drivers/STM32F4xx_HAL_Driver/Src/stm32f4xx_hal_rcc.o
                0x0000000008003ef4                HAL_RCC_GetHCLKFreq
 .text.HAL_RCC_GetPCLK1Freq
                0x0000000008003f0c       0x28 ./Drivers/STM32F4xx_HAL_Driver/Src/stm32f4xx_hal_rcc.o
                0x0000000008003f0c                HAL_RCC_GetPCLK1Freq
 .text.HAL_RCC_GetPCLK2Freq
                0x0000000008003f34       0x28 ./Drivers/STM32F4xx_HAL_Driver/Src/stm32f4xx_hal_rcc.o
                0x0000000008003f34                HAL_RCC_GetPCLK2Freq
 .text.HAL_SPI_Init
                0x0000000008003f5c      0x112 ./Drivers/STM32F4xx_HAL_Driver/Src/stm32f4xx_hal_spi.o
                0x0000000008003f5c                HAL_SPI_Init
 .text.HAL_SPI_Transmit
                0x000000000800406e      0x278 ./Drivers/STM32F4xx_HAL_Driver/Src/stm32f4xx_hal_spi.o
                0x000000000800406e                HAL_SPI_Transmit
 .text.HAL_SPI_Receive
                0x00000000080042e6      0x222 ./Drivers/STM32F4xx_HAL_Driver/Src/stm32f4xx_hal_spi.o
                0x00000000080042e6                HAL_SPI_Receive
 .text.HAL_SPI_TransmitReceive
                0x0000000008004508      0x344 ./Drivers/STM32F4xx_HAL_Driver/Src/stm32f4xx_hal_spi.o
                0x0000000008004508                HAL_SPI_TransmitReceive
 .text.SPI_WaitFlagStateUntilTimeout
                0x000000000800484c      0x110 ./Drivers/STM32F4xx_HAL_Driver/Src/stm32f4xx_hal_spi.o
 .text.SPI_EndRxTransaction
                0x000000000800495c       0xca ./Drivers/STM32F4xx_HAL_Driver/Src/stm32f4xx_hal_spi.o
 *fill*         0x0000000008004a26        0x2 
 .text.SPI_EndRxTxTransaction
                0x0000000008004a28       0x84 ./Drivers/STM32F4xx_HAL_Driver/Src/stm32f4xx_hal_spi.o
 .text.HAL_UART_Init
                0x0000000008004aac       0x9a ./Drivers/STM32F4xx_HAL_Driver/Src/stm32f4xx_hal_uart.o
                0x0000000008004aac                HAL_UART_Init
 .text.HAL_UART_Transmit
                0x0000000008004b46      0x124 ./Drivers/STM32F4xx_HAL_Driver/Src/stm32f4xx_hal_uart.o
                0x0000000008004b46                HAL_UART_Transmit
 .text.UART_WaitOnFlagUntilTimeout
                0x0000000008004c6a       0xdc ./Drivers/STM32F4xx_HAL_Driver/Src/stm32f4xx_hal_uart.o
 *fill*         0x0000000008004d46        0x2 
 .text.UART_SetConfig
                0x0000000008004d48      0x4e8 ./Drivers/STM32F4xx_HAL_Driver/Src/stm32f4xx_hal_uart.o
 .text.MX_FATFS_Init
                0x0000000008005230       0x24 ./FATFS/App/fatfs.o
                0x0000000008005230                MX_FATFS_Init
 .text.get_fattime
                0x0000000008005254       0x10 ./FATFS/App/fatfs.o
                0x0000000008005254                get_fattime
 .text.USER_initialize
                0x0000000008005264       0x1c ./FATFS/Target/user_diskio.o
                0x0000000008005264                USER_initialize
 .text.USER_status
                0x0000000008005280       0x1c ./FATFS/Target/user_diskio.o
                0x0000000008005280                USER_status
 .text.USER_read
                0x000000000800529c       0x26 ./FATFS/Target/user_diskio.o
                0x000000000800529c                USER_read
 .text.USER_write
                0x00000000080052c2       0x26 ./FATFS/Target/user_diskio.o
                0x00000000080052c2                USER_write
 .text.USER_ioctl
                0x00000000080052e8       0x26 ./FATFS/Target/user_diskio.o
                0x00000000080052e8                USER_ioctl
 *fill*         0x000000000800530e        0x2 
 .text.disk_status
                0x0000000008005310       0x34 ./Middlewares/Third_Party/FatFs/src/diskio.o
                0x0000000008005310                disk_status
 .text.disk_initialize
                0x0000000008005344       0x4c ./Middlewares/Third_Party/FatFs/src/diskio.o
                0x0000000008005344                disk_initialize
 .text.disk_read
                0x0000000008005390       0x40 ./Middlewares/Third_Party/FatFs/src/diskio.o
                0x0000000008005390                disk_read
 .text.disk_write
                0x00000000080053d0       0x40 ./Middlewares/Third_Party/FatFs/src/diskio.o
                0x00000000080053d0                disk_write
 .text.disk_ioctl
                0x0000000008005410       0x3c ./Middlewares/Third_Party/FatFs/src/diskio.o
                0x0000000008005410                disk_ioctl
 .text.ld_word  0x000000000800544c       0x30 ./Middlewares/Third_Party/FatFs/src/ff.o
 .text.ld_dword
                0x000000000800547c       0x46 ./Middlewares/Third_Party/FatFs/src/ff.o
 .text.st_word  0x00000000080054c2       0x36 ./Middlewares/Third_Party/FatFs/src/ff.o
 .text.st_dword
                0x00000000080054f8       0x58 ./Middlewares/Third_Party/FatFs/src/ff.o
 .text.mem_cpy  0x0000000008005550       0x42 ./Middlewares/Third_Party/FatFs/src/ff.o
 .text.mem_set  0x0000000008005592       0x36 ./Middlewares/Third_Party/FatFs/src/ff.o
 .text.mem_cmp  0x00000000080055c8       0x4e ./Middlewares/Third_Party/FatFs/src/ff.o
 .text.chk_chr  0x0000000008005616       0x36 ./Middlewares/Third_Party/FatFs/src/ff.o
 .text.chk_lock
                0x000000000800564c       0xb8 ./Middlewares/Third_Party/FatFs/src/ff.o
 .text.enq_lock
                0x0000000008005704       0x44 ./Middlewares/Third_Party/FatFs/src/ff.o
 .text.inc_lock
                0x0000000008005748      0x11c ./Middlewares/Third_Party/FatFs/src/ff.o
 .text.dec_lock
                0x0000000008005864       0x78 ./Middlewares/Third_Party/FatFs/src/ff.o
 .text.clear_lock
                0x00000000080058dc       0x48 ./Middlewares/Third_Party/FatFs/src/ff.o
 .text.sync_window
                0x0000000008005924       0x88 ./Middlewares/Third_Party/FatFs/src/ff.o
 .text.move_window
                0x00000000080059ac       0x5a ./Middlewares/Third_Party/FatFs/src/ff.o
 *fill*         0x0000000008005a06        0x2 
 .text.sync_fs  0x0000000008005a08       0xe0 ./Middlewares/Third_Party/FatFs/src/ff.o
 .text.clust2sect
                0x0000000008005ae8       0x3e ./Middlewares/Third_Party/FatFs/src/ff.o
 .text.get_fat  0x0000000008005b26      0x1a8 ./Middlewares/Third_Party/FatFs/src/ff.o
 .text.put_fat  0x0000000008005cce      0x238 ./Middlewares/Third_Party/FatFs/src/ff.o
 .text.remove_chain
                0x0000000008005f06       0xca ./Middlewares/Third_Party/FatFs/src/ff.o
 .text.create_chain
                0x0000000008005fd0      0x130 ./Middlewares/Third_Party/FatFs/src/ff.o
 .text.clmt_clust
                0x0000000008006100       0x70 ./Middlewares/Third_Party/FatFs/src/ff.o
 .text.dir_sdi  0x0000000008006170      0x112 ./Middlewares/Third_Party/FatFs/src/ff.o
 .text.dir_next
                0x0000000008006282      0x1ac ./Middlewares/Third_Party/FatFs/src/ff.o
 .text.dir_alloc
                0x000000000800642e       0x8e ./Middlewares/Third_Party/FatFs/src/ff.o
 .text.ld_clust
                0x00000000080064bc       0x3e ./Middlewares/Third_Party/FatFs/src/ff.o
 .text.st_clust
                0x00000000080064fa       0x40 ./Middlewares/Third_Party/FatFs/src/ff.o
 *fill*         0x000000000800653a        0x2 
 .text.cmp_lfn  0x000000000800653c       0xe0 ./Middlewares/Third_Party/FatFs/src/ff.o
 .text.put_lfn  0x000000000800661c       0xd0 ./Middlewares/Third_Party/FatFs/src/ff.o
 .text.gen_numname
                0x00000000080066ec      0x11c ./Middlewares/Third_Party/FatFs/src/ff.o
 .text.sum_sfn  0x0000000008006808       0x42 ./Middlewares/Third_Party/FatFs/src/ff.o
 .text.dir_find
                0x000000000800684a      0x180 ./Middlewares/Third_Party/FatFs/src/ff.o
 *fill*         0x00000000080069ca        0x2 
 .text.dir_register
                0x00000000080069cc      0x1f0 ./Middlewares/Third_Party/FatFs/src/ff.o
 .text.create_name
                0x0000000008006bbc      0x370 ./Middlewares/Third_Party/FatFs/src/ff.o
 .text.follow_path
                0x0000000008006f2c       0xec ./Middlewares/Third_Party/FatFs/src/ff.o
 .text.get_ldnumber
                0x0000000008007018       0x88 ./Middlewares/Third_Party/FatFs/src/ff.o
 .text.check_fs
                0x00000000080070a0       0xac ./Middlewares/Third_Party/FatFs/src/ff.o
 .text.find_volume
                0x000000000800714c      0x50c ./Middlewares/Third_Party/FatFs/src/ff.o
 .text.validate
                0x0000000008007658       0x6a ./Middlewares/Third_Party/FatFs/src/ff.o
 *fill*         0x00000000080076c2        0x2 
 .text.f_mount  0x00000000080076c4       0x8c ./Middlewares/Third_Party/FatFs/src/ff.o
                0x00000000080076c4                f_mount
 .text.f_open   0x0000000008007750      0x398 ./Middlewares/Third_Party/FatFs/src/ff.o
                0x0000000008007750                f_open
 .text.f_write  0x0000000008007ae8      0x328 ./Middlewares/Third_Party/FatFs/src/ff.o
                0x0000000008007ae8                f_write
 .text.f_sync   0x0000000008007e10       0xfc ./Middlewares/Third_Party/FatFs/src/ff.o
                0x0000000008007e10                f_sync
 .text.f_close  0x0000000008007f0c       0x54 ./Middlewares/Third_Party/FatFs/src/ff.o
                0x0000000008007f0c                f_close
 .text.putc_bfd
                0x0000000008007f60       0x7a ./Middlewares/Third_Party/FatFs/src/ff.o
 .text.putc_flush
                0x0000000008007fda       0x4a ./Middlewares/Third_Party/FatFs/src/ff.o
 .text.putc_init
                0x0000000008008024       0x2a ./Middlewares/Third_Party/FatFs/src/ff.o
 *fill*         0x000000000800804e        0x2 
 .text.f_printf
                0x0000000008008050      0x43c ./Middlewares/Third_Party/FatFs/src/ff.o
                0x0000000008008050                f_printf
 .text.FATFS_LinkDriverEx
                0x000000000800848c       0x98 ./Middlewares/Third_Party/FatFs/src/ff_gen_drv.o
                0x000000000800848c                FATFS_LinkDriverEx
 .text.FATFS_LinkDriver
                0x0000000008008524       0x1e ./Middlewares/Third_Party/FatFs/src/ff_gen_drv.o
                0x0000000008008524                FATFS_LinkDriver
 *fill*         0x0000000008008542        0x2 
 .text.ff_convert
                0x0000000008008544       0x78 ./Middlewares/Third_Party/FatFs/src/option/ccsbcs.o
                0x0000000008008544                ff_convert
 .text.ff_wtoupper
                0x00000000080085bc      0x114 ./Middlewares/Third_Party/FatFs/src/option/ccsbcs.o
                0x00000000080085bc                ff_wtoupper
 .text.__errno  0x00000000080086d0        0xc d:/programmation/stm32cubeide_1.12.1/stm32cubeide/plugins/com.st.stm32cube.ide.mcu.externaltools.gnu-tools-for-stm32.10.3-2021.10.win32_1.0.200.202301161003/tools/bin/../lib/gcc/arm-none-eabi/10.3.1/../../../../arm-none-eabi/lib/thumb/v7e-m+fp/hard\libc_nano.a(lib_a-errno.o)
                0x00000000080086d0                __errno
 .text.__libc_init_array
                0x00000000080086dc       0x48 d:/programmation/stm32cubeide_1.12.1/stm32cubeide/plugins/com.st.stm32cube.ide.mcu.externaltools.gnu-tools-for-stm32.10.3-2021.10.win32_1.0.200.202301161003/tools/bin/../lib/gcc/arm-none-eabi/10.3.1/../../../../arm-none-eabi/lib/thumb/v7e-m+fp/hard\libc_nano.a(lib_a-init.o)
                0x00000000080086dc                __libc_init_array
 .text.memcpy   0x0000000008008724       0x1c d:/programmation/stm32cubeide_1.12.1/stm32cubeide/plugins/com.st.stm32cube.ide.mcu.externaltools.gnu-tools-for-stm32.10.3-2021.10.win32_1.0.200.202301161003/tools/bin/../lib/gcc/arm-none-eabi/10.3.1/../../../../arm-none-eabi/lib/thumb/v7e-m+fp/hard\libc_nano.a(lib_a-memcpy-stub.o)
                0x0000000008008724                memcpy
 .text.memset   0x0000000008008740       0x10 d:/programmation/stm32cubeide_1.12.1/stm32cubeide/plugins/com.st.stm32cube.ide.mcu.externaltools.gnu-tools-for-stm32.10.3-2021.10.win32_1.0.200.202301161003/tools/bin/../lib/gcc/arm-none-eabi/10.3.1/../../../../arm-none-eabi/lib/thumb/v7e-m+fp/hard\libc_nano.a(lib_a-memset.o)
                0x0000000008008740                memset
 .text.__cvt    0x0000000008008750       0xc4 d:/programmation/stm32cubeide_1.12.1/stm32cubeide/plugins/com.st.stm32cube.ide.mcu.externaltools.gnu-tools-for-stm32.10.3-2021.10.win32_1.0.200.202301161003/tools/bin/../lib/gcc/arm-none-eabi/10.3.1/../../../../arm-none-eabi/lib/thumb/v7e-m+fp/hard\libc_nano.a(lib_a-nano-vfprintf_float.o)
                0x0000000008008750                __cvt
 .text.__exponent
                0x0000000008008814       0x7c d:/programmation/stm32cubeide_1.12.1/stm32cubeide/plugins/com.st.stm32cube.ide.mcu.externaltools.gnu-tools-for-stm32.10.3-2021.10.win32_1.0.200.202301161003/tools/bin/../lib/gcc/arm-none-eabi/10.3.1/../../../../arm-none-eabi/lib/thumb/v7e-m+fp/hard\libc_nano.a(lib_a-nano-vfprintf_float.o)
                0x0000000008008814                __exponent
 .text._printf_float
                0x0000000008008890      0x46c d:/programmation/stm32cubeide_1.12.1/stm32cubeide/plugins/com.st.stm32cube.ide.mcu.externaltools.gnu-tools-for-stm32.10.3-2021.10.win32_1.0.200.202301161003/tools/bin/../lib/gcc/arm-none-eabi/10.3.1/../../../../arm-none-eabi/lib/thumb/v7e-m+fp/hard\libc_nano.a(lib_a-nano-vfprintf_float.o)
                0x0000000008008890                _printf_float
 .text._printf_common
                0x0000000008008cfc       0xda d:/programmation/stm32cubeide_1.12.1/stm32cubeide/plugins/com.st.stm32cube.ide.mcu.externaltools.gnu-tools-for-stm32.10.3-2021.10.win32_1.0.200.202301161003/tools/bin/../lib/gcc/arm-none-eabi/10.3.1/../../../../arm-none-eabi/lib/thumb/v7e-m+fp/hard\libc_nano.a(lib_a-nano-vfprintf_i.o)
                0x0000000008008cfc                _printf_common
 *fill*         0x0000000008008dd6        0x2 
 .text._printf_i
                0x0000000008008dd8      0x24c d:/programmation/stm32cubeide_1.12.1/stm32cubeide/plugins/com.st.stm32cube.ide.mcu.externaltools.gnu-tools-for-stm32.10.3-2021.10.win32_1.0.200.202301161003/tools/bin/../lib/gcc/arm-none-eabi/10.3.1/../../../../arm-none-eabi/lib/thumb/v7e-m+fp/hard\libc_nano.a(lib_a-nano-vfprintf_i.o)
                0x0000000008008dd8                _printf_i
 .text.printf   0x0000000008009024       0x30 d:/programmation/stm32cubeide_1.12.1/stm32cubeide/plugins/com.st.stm32cube.ide.mcu.externaltools.gnu-tools-for-stm32.10.3-2021.10.win32_1.0.200.202301161003/tools/bin/../lib/gcc/arm-none-eabi/10.3.1/../../../../arm-none-eabi/lib/thumb/v7e-m+fp/hard\libc_nano.a(lib_a-printf.o)
                0x0000000008009024                iprintf
                0x0000000008009024                printf
 .text._puts_r  0x0000000008009054       0xdc d:/programmation/stm32cubeide_1.12.1/stm32cubeide/plugins/com.st.stm32cube.ide.mcu.externaltools.gnu-tools-for-stm32.10.3-2021.10.win32_1.0.200.202301161003/tools/bin/../lib/gcc/arm-none-eabi/10.3.1/../../../../arm-none-eabi/lib/thumb/v7e-m+fp/hard\libc_nano.a(lib_a-puts.o)
                0x0000000008009054                _puts_r
 .text.puts     0x0000000008009130       0x10 d:/programmation/stm32cubeide_1.12.1/stm32cubeide/plugins/com.st.stm32cube.ide.mcu.externaltools.gnu-tools-for-stm32.10.3-2021.10.win32_1.0.200.202301161003/tools/bin/../lib/gcc/arm-none-eabi/10.3.1/../../../../arm-none-eabi/lib/thumb/v7e-m+fp/hard\libc_nano.a(lib_a-puts.o)
                0x0000000008009130                puts
 .text.sprintf  0x0000000008009140       0x40 d:/programmation/stm32cubeide_1.12.1/stm32cubeide/plugins/com.st.stm32cube.ide.mcu.externaltools.gnu-tools-for-stm32.10.3-2021.10.win32_1.0.200.202301161003/tools/bin/../lib/gcc/arm-none-eabi/10.3.1/../../../../arm-none-eabi/lib/thumb/v7e-m+fp/hard\libc_nano.a(lib_a-sprintf.o)
                0x0000000008009140                siprintf
                0x0000000008009140                sprintf
 .text.__swbuf_r
                0x0000000008009180       0xa4 d:/programmation/stm32cubeide_1.12.1/stm32cubeide/plugins/com.st.stm32cube.ide.mcu.externaltools.gnu-tools-for-stm32.10.3-2021.10.win32_1.0.200.202301161003/tools/bin/../lib/gcc/arm-none-eabi/10.3.1/../../../../arm-none-eabi/lib/thumb/v7e-m+fp/hard\libc_nano.a(lib_a-wbuf.o)
                0x0000000008009180                __swbuf_r
 .text.__swsetup_r
                0x0000000008009224       0xdc d:/programmation/stm32cubeide_1.12.1/stm32cubeide/plugins/com.st.stm32cube.ide.mcu.externaltools.gnu-tools-for-stm32.10.3-2021.10.win32_1.0.200.202301161003/tools/bin/../lib/gcc/arm-none-eabi/10.3.1/../../../../arm-none-eabi/lib/thumb/v7e-m+fp/hard\libc_nano.a(lib_a-wsetup.o)
                0x0000000008009224                __swsetup_r
 .text.quorem   0x0000000008009300      0x116 d:/programmation/stm32cubeide_1.12.1/stm32cubeide/plugins/com.st.stm32cube.ide.mcu.externaltools.gnu-tools-for-stm32.10.3-2021.10.win32_1.0.200.202301161003/tools/bin/../lib/gcc/arm-none-eabi/10.3.1/../../../../arm-none-eabi/lib/thumb/v7e-m+fp/hard\libc_nano.a(lib_a-dtoa.o)
 *fill*         0x0000000008009416        0x2 
 .text._dtoa_r  0x0000000008009418      0xbdc d:/programmation/stm32cubeide_1.12.1/stm32cubeide/plugins/com.st.stm32cube.ide.mcu.externaltools.gnu-tools-for-stm32.10.3-2021.10.win32_1.0.200.202301161003/tools/bin/../lib/gcc/arm-none-eabi/10.3.1/../../../../arm-none-eabi/lib/thumb/v7e-m+fp/hard\libc_nano.a(lib_a-dtoa.o)
                0x0000000008009418                _dtoa_r
 .text.__sflush_r
                0x0000000008009ff4      0x10c d:/programmation/stm32cubeide_1.12.1/stm32cubeide/plugins/com.st.stm32cube.ide.mcu.externaltools.gnu-tools-for-stm32.10.3-2021.10.win32_1.0.200.202301161003/tools/bin/../lib/gcc/arm-none-eabi/10.3.1/../../../../arm-none-eabi/lib/thumb/v7e-m+fp/hard\libc_nano.a(lib_a-fflush.o)
                0x0000000008009ff4                __sflush_r
 .text._fflush_r
                0x000000000800a100       0x78 d:/programmation/stm32cubeide_1.12.1/stm32cubeide/plugins/com.st.stm32cube.ide.mcu.externaltools.gnu-tools-for-stm32.10.3-2021.10.win32_1.0.200.202301161003/tools/bin/../lib/gcc/arm-none-eabi/10.3.1/../../../../arm-none-eabi/lib/thumb/v7e-m+fp/hard\libc_nano.a(lib_a-fflush.o)
                0x000000000800a100                _fflush_r
 .text.std      0x000000000800a178       0x48 d:/programmation/stm32cubeide_1.12.1/stm32cubeide/plugins/com.st.stm32cube.ide.mcu.externaltools.gnu-tools-for-stm32.10.3-2021.10.win32_1.0.200.202301161003/tools/bin/../lib/gcc/arm-none-eabi/10.3.1/../../../../arm-none-eabi/lib/thumb/v7e-m+fp/hard\libc_nano.a(lib_a-findfp.o)
 .text._cleanup_r
                0x000000000800a1c0        0xc d:/programmation/stm32cubeide_1.12.1/stm32cubeide/plugins/com.st.stm32cube.ide.mcu.externaltools.gnu-tools-for-stm32.10.3-2021.10.win32_1.0.200.202301161003/tools/bin/../lib/gcc/arm-none-eabi/10.3.1/../../../../arm-none-eabi/lib/thumb/v7e-m+fp/hard\libc_nano.a(lib_a-findfp.o)
                0x000000000800a1c0                _cleanup_r
 .text.__sfmoreglue
                0x000000000800a1cc       0x2c d:/programmation/stm32cubeide_1.12.1/stm32cubeide/plugins/com.st.stm32cube.ide.mcu.externaltools.gnu-tools-for-stm32.10.3-2021.10.win32_1.0.200.202301161003/tools/bin/../lib/gcc/arm-none-eabi/10.3.1/../../../../arm-none-eabi/lib/thumb/v7e-m+fp/hard\libc_nano.a(lib_a-findfp.o)
                0x000000000800a1cc                __sfmoreglue
 .text.__sfp_lock_acquire
                0x000000000800a1f8        0xc d:/programmation/stm32cubeide_1.12.1/stm32cubeide/plugins/com.st.stm32cube.ide.mcu.externaltools.gnu-tools-for-stm32.10.3-2021.10.win32_1.0.200.202301161003/tools/bin/../lib/gcc/arm-none-eabi/10.3.1/../../../../arm-none-eabi/lib/thumb/v7e-m+fp/hard\libc_nano.a(lib_a-findfp.o)
                0x000000000800a1f8                __sfp_lock_acquire
 .text.__sfp_lock_release
                0x000000000800a204        0xc d:/programmation/stm32cubeide_1.12.1/stm32cubeide/plugins/com.st.stm32cube.ide.mcu.externaltools.gnu-tools-for-stm32.10.3-2021.10.win32_1.0.200.202301161003/tools/bin/../lib/gcc/arm-none-eabi/10.3.1/../../../../arm-none-eabi/lib/thumb/v7e-m+fp/hard\libc_nano.a(lib_a-findfp.o)
                0x000000000800a204                __sfp_lock_release
 .text.__sinit_lock_acquire
                0x000000000800a210        0xc d:/programmation/stm32cubeide_1.12.1/stm32cubeide/plugins/com.st.stm32cube.ide.mcu.externaltools.gnu-tools-for-stm32.10.3-2021.10.win32_1.0.200.202301161003/tools/bin/../lib/gcc/arm-none-eabi/10.3.1/../../../../arm-none-eabi/lib/thumb/v7e-m+fp/hard\libc_nano.a(lib_a-findfp.o)
                0x000000000800a210                __sinit_lock_acquire
 .text.__sinit_lock_release
                0x000000000800a21c        0xc d:/programmation/stm32cubeide_1.12.1/stm32cubeide/plugins/com.st.stm32cube.ide.mcu.externaltools.gnu-tools-for-stm32.10.3-2021.10.win32_1.0.200.202301161003/tools/bin/../lib/gcc/arm-none-eabi/10.3.1/../../../../arm-none-eabi/lib/thumb/v7e-m+fp/hard\libc_nano.a(lib_a-findfp.o)
                0x000000000800a21c                __sinit_lock_release
 .text.__sinit  0x000000000800a228       0x70 d:/programmation/stm32cubeide_1.12.1/stm32cubeide/plugins/com.st.stm32cube.ide.mcu.externaltools.gnu-tools-for-stm32.10.3-2021.10.win32_1.0.200.202301161003/tools/bin/../lib/gcc/arm-none-eabi/10.3.1/../../../../arm-none-eabi/lib/thumb/v7e-m+fp/hard\libc_nano.a(lib_a-findfp.o)
                0x000000000800a228                __sinit
 .text.__sfp    0x000000000800a298       0x8c d:/programmation/stm32cubeide_1.12.1/stm32cubeide/plugins/com.st.stm32cube.ide.mcu.externaltools.gnu-tools-for-stm32.10.3-2021.10.win32_1.0.200.202301161003/tools/bin/../lib/gcc/arm-none-eabi/10.3.1/../../../../arm-none-eabi/lib/thumb/v7e-m+fp/hard\libc_nano.a(lib_a-findfp.o)
                0x000000000800a298                __sfp
 .text._fwalk_reent
                0x000000000800a324       0x3e d:/programmation/stm32cubeide_1.12.1/stm32cubeide/plugins/com.st.stm32cube.ide.mcu.externaltools.gnu-tools-for-stm32.10.3-2021.10.win32_1.0.200.202301161003/tools/bin/../lib/gcc/arm-none-eabi/10.3.1/../../../../arm-none-eabi/lib/thumb/v7e-m+fp/hard\libc_nano.a(lib_a-fwalk.o)
                0x000000000800a324                _fwalk_reent
 *fill*         0x000000000800a362        0x2 
 .text._localeconv_r
                0x000000000800a364        0x8 d:/programmation/stm32cubeide_1.12.1/stm32cubeide/plugins/com.st.stm32cube.ide.mcu.externaltools.gnu-tools-for-stm32.10.3-2021.10.win32_1.0.200.202301161003/tools/bin/../lib/gcc/arm-none-eabi/10.3.1/../../../../arm-none-eabi/lib/thumb/v7e-m+fp/hard\libc_nano.a(lib_a-localeconv.o)
                0x000000000800a364                _localeconv_r
 .text.__retarget_lock_init_recursive
                0x000000000800a36c        0x2 d:/programmation/stm32cubeide_1.12.1/stm32cubeide/plugins/com.st.stm32cube.ide.mcu.externaltools.gnu-tools-for-stm32.10.3-2021.10.win32_1.0.200.202301161003/tools/bin/../lib/gcc/arm-none-eabi/10.3.1/../../../../arm-none-eabi/lib/thumb/v7e-m+fp/hard\libc_nano.a(lib_a-lock.o)
                0x000000000800a36c                __retarget_lock_init_recursive
 .text.__retarget_lock_acquire_recursive
                0x000000000800a36e        0x2 d:/programmation/stm32cubeide_1.12.1/stm32cubeide/plugins/com.st.stm32cube.ide.mcu.externaltools.gnu-tools-for-stm32.10.3-2021.10.win32_1.0.200.202301161003/tools/bin/../lib/gcc/arm-none-eabi/10.3.1/../../../../arm-none-eabi/lib/thumb/v7e-m+fp/hard\libc_nano.a(lib_a-lock.o)
                0x000000000800a36e                __retarget_lock_acquire_recursive
 .text.__retarget_lock_release_recursive
                0x000000000800a370        0x2 d:/programmation/stm32cubeide_1.12.1/stm32cubeide/plugins/com.st.stm32cube.ide.mcu.externaltools.gnu-tools-for-stm32.10.3-2021.10.win32_1.0.200.202301161003/tools/bin/../lib/gcc/arm-none-eabi/10.3.1/../../../../arm-none-eabi/lib/thumb/v7e-m+fp/hard\libc_nano.a(lib_a-lock.o)
                0x000000000800a370                __retarget_lock_release_recursive
 .text.__swhatbuf_r
                0x000000000800a372       0x4a d:/programmation/stm32cubeide_1.12.1/stm32cubeide/plugins/com.st.stm32cube.ide.mcu.externaltools.gnu-tools-for-stm32.10.3-2021.10.win32_1.0.200.202301161003/tools/bin/../lib/gcc/arm-none-eabi/10.3.1/../../../../arm-none-eabi/lib/thumb/v7e-m+fp/hard\libc_nano.a(lib_a-makebuf.o)
                0x000000000800a372                __swhatbuf_r
 .text.__smakebuf_r
                0x000000000800a3bc       0x80 d:/programmation/stm32cubeide_1.12.1/stm32cubeide/plugins/com.st.stm32cube.ide.mcu.externaltools.gnu-tools-for-stm32.10.3-2021.10.win32_1.0.200.202301161003/tools/bin/../lib/gcc/arm-none-eabi/10.3.1/../../../../arm-none-eabi/lib/thumb/v7e-m+fp/hard\libc_nano.a(lib_a-makebuf.o)
                0x000000000800a3bc                __smakebuf_r
 .text.malloc   0x000000000800a43c       0x10 d:/programmation/stm32cubeide_1.12.1/stm32cubeide/plugins/com.st.stm32cube.ide.mcu.externaltools.gnu-tools-for-stm32.10.3-2021.10.win32_1.0.200.202301161003/tools/bin/../lib/gcc/arm-none-eabi/10.3.1/../../../../arm-none-eabi/lib/thumb/v7e-m+fp/hard\libc_nano.a(lib_a-malloc.o)
                0x000000000800a43c                malloc
 .text._Balloc  0x000000000800a44c       0x80 d:/programmation/stm32cubeide_1.12.1/stm32cubeide/plugins/com.st.stm32cube.ide.mcu.externaltools.gnu-tools-for-stm32.10.3-2021.10.win32_1.0.200.202301161003/tools/bin/../lib/gcc/arm-none-eabi/10.3.1/../../../../arm-none-eabi/lib/thumb/v7e-m+fp/hard\libc_nano.a(lib_a-mprec.o)
                0x000000000800a44c                _Balloc
 .text._Bfree   0x000000000800a4cc       0x44 d:/programmation/stm32cubeide_1.12.1/stm32cubeide/plugins/com.st.stm32cube.ide.mcu.externaltools.gnu-tools-for-stm32.10.3-2021.10.win32_1.0.200.202301161003/tools/bin/../lib/gcc/arm-none-eabi/10.3.1/../../../../arm-none-eabi/lib/thumb/v7e-m+fp/hard\libc_nano.a(lib_a-mprec.o)
                0x000000000800a4cc                _Bfree
 .text.__multadd
                0x000000000800a510       0x8c d:/programmation/stm32cubeide_1.12.1/stm32cubeide/plugins/com.st.stm32cube.ide.mcu.externaltools.gnu-tools-for-stm32.10.3-2021.10.win32_1.0.200.202301161003/tools/bin/../lib/gcc/arm-none-eabi/10.3.1/../../../../arm-none-eabi/lib/thumb/v7e-m+fp/hard\libc_nano.a(lib_a-mprec.o)
                0x000000000800a510                __multadd
 .text.__hi0bits
                0x000000000800a59c       0x40 d:/programmation/stm32cubeide_1.12.1/stm32cubeide/plugins/com.st.stm32cube.ide.mcu.externaltools.gnu-tools-for-stm32.10.3-2021.10.win32_1.0.200.202301161003/tools/bin/../lib/gcc/arm-none-eabi/10.3.1/../../../../arm-none-eabi/lib/thumb/v7e-m+fp/hard\libc_nano.a(lib_a-mprec.o)
                0x000000000800a59c                __hi0bits
 .text.__lo0bits
                0x000000000800a5dc       0x5e d:/programmation/stm32cubeide_1.12.1/stm32cubeide/plugins/com.st.stm32cube.ide.mcu.externaltools.gnu-tools-for-stm32.10.3-2021.10.win32_1.0.200.202301161003/tools/bin/../lib/gcc/arm-none-eabi/10.3.1/../../../../arm-none-eabi/lib/thumb/v7e-m+fp/hard\libc_nano.a(lib_a-mprec.o)
                0x000000000800a5dc                __lo0bits
 *fill*         0x000000000800a63a        0x2 
 .text.__i2b    0x000000000800a63c       0x2c d:/programmation/stm32cubeide_1.12.1/stm32cubeide/plugins/com.st.stm32cube.ide.mcu.externaltools.gnu-tools-for-stm32.10.3-2021.10.win32_1.0.200.202301161003/tools/bin/../lib/gcc/arm-none-eabi/10.3.1/../../../../arm-none-eabi/lib/thumb/v7e-m+fp/hard\libc_nano.a(lib_a-mprec.o)
                0x000000000800a63c                __i2b
 .text.__multiply
                0x000000000800a668      0x154 d:/programmation/stm32cubeide_1.12.1/stm32cubeide/plugins/com.st.stm32cube.ide.mcu.externaltools.gnu-tools-for-stm32.10.3-2021.10.win32_1.0.200.202301161003/tools/bin/../lib/gcc/arm-none-eabi/10.3.1/../../../../arm-none-eabi/lib/thumb/v7e-m+fp/hard\libc_nano.a(lib_a-mprec.o)
                0x000000000800a668                __multiply
 .text.__pow5mult
                0x000000000800a7bc       0xb4 d:/programmation/stm32cubeide_1.12.1/stm32cubeide/plugins/com.st.stm32cube.ide.mcu.externaltools.gnu-tools-for-stm32.10.3-2021.10.win32_1.0.200.202301161003/tools/bin/../lib/gcc/arm-none-eabi/10.3.1/../../../../arm-none-eabi/lib/thumb/v7e-m+fp/hard\libc_nano.a(lib_a-mprec.o)
                0x000000000800a7bc                __pow5mult
 .text.__lshift
                0x000000000800a870       0xe0 d:/programmation/stm32cubeide_1.12.1/stm32cubeide/plugins/com.st.stm32cube.ide.mcu.externaltools.gnu-tools-for-stm32.10.3-2021.10.win32_1.0.200.202301161003/tools/bin/../lib/gcc/arm-none-eabi/10.3.1/../../../../arm-none-eabi/lib/thumb/v7e-m+fp/hard\libc_nano.a(lib_a-mprec.o)
                0x000000000800a870                __lshift
 .text.__mcmp   0x000000000800a950       0x38 d:/programmation/stm32cubeide_1.12.1/stm32cubeide/plugins/com.st.stm32cube.ide.mcu.externaltools.gnu-tools-for-stm32.10.3-2021.10.win32_1.0.200.202301161003/tools/bin/../lib/gcc/arm-none-eabi/10.3.1/../../../../arm-none-eabi/lib/thumb/v7e-m+fp/hard\libc_nano.a(lib_a-mprec.o)
                0x000000000800a950                __mcmp
 .text.__mdiff  0x000000000800a988      0x114 d:/programmation/stm32cubeide_1.12.1/stm32cubeide/plugins/com.st.stm32cube.ide.mcu.externaltools.gnu-tools-for-stm32.10.3-2021.10.win32_1.0.200.202301161003/tools/bin/../lib/gcc/arm-none-eabi/10.3.1/../../../../arm-none-eabi/lib/thumb/v7e-m+fp/hard\libc_nano.a(lib_a-mprec.o)
                0x000000000800a988                __mdiff
 .text.__d2b    0x000000000800aa9c       0xb8 d:/programmation/stm32cubeide_1.12.1/stm32cubeide/plugins/com.st.stm32cube.ide.mcu.externaltools.gnu-tools-for-stm32.10.3-2021.10.win32_1.0.200.202301161003/tools/bin/../lib/gcc/arm-none-eabi/10.3.1/../../../../arm-none-eabi/lib/thumb/v7e-m+fp/hard\libc_nano.a(lib_a-mprec.o)
                0x000000000800aa9c                __d2b
 .text._calloc_r
                0x000000000800ab54       0x2c d:/programmation/stm32cubeide_1.12.1/stm32cubeide/plugins/com.st.stm32cube.ide.mcu.externaltools.gnu-tools-for-stm32.10.3-2021.10.win32_1.0.200.202301161003/tools/bin/../lib/gcc/arm-none-eabi/10.3.1/../../../../arm-none-eabi/lib/thumb/v7e-m+fp/hard\libc_nano.a(lib_a-nano-callocr.o)
                0x000000000800ab54                _calloc_r
 .text._free_r  0x000000000800ab80       0x98 d:/programmation/stm32cubeide_1.12.1/stm32cubeide/plugins/com.st.stm32cube.ide.mcu.externaltools.gnu-tools-for-stm32.10.3-2021.10.win32_1.0.200.202301161003/tools/bin/../lib/gcc/arm-none-eabi/10.3.1/../../../../arm-none-eabi/lib/thumb/v7e-m+fp/hard\libc_nano.a(lib_a-nano-freer.o)
                0x000000000800ab80                _free_r
 .text.sbrk_aligned
                0x000000000800ac18       0x40 d:/programmation/stm32cubeide_1.12.1/stm32cubeide/plugins/com.st.stm32cube.ide.mcu.externaltools.gnu-tools-for-stm32.10.3-2021.10.win32_1.0.200.202301161003/tools/bin/../lib/gcc/arm-none-eabi/10.3.1/../../../../arm-none-eabi/lib/thumb/v7e-m+fp/hard\libc_nano.a(lib_a-nano-mallocr.o)
 .text._malloc_r
                0x000000000800ac58       0xe8 d:/programmation/stm32cubeide_1.12.1/stm32cubeide/plugins/com.st.stm32cube.ide.mcu.externaltools.gnu-tools-for-stm32.10.3-2021.10.win32_1.0.200.202301161003/tools/bin/../lib/gcc/arm-none-eabi/10.3.1/../../../../arm-none-eabi/lib/thumb/v7e-m+fp/hard\libc_nano.a(lib_a-nano-mallocr.o)
                0x000000000800ac58                _malloc_r
 .text.__ssputs_r
                0x000000000800ad40       0xb6 d:/programmation/stm32cubeide_1.12.1/stm32cubeide/plugins/com.st.stm32cube.ide.mcu.externaltools.gnu-tools-for-stm32.10.3-2021.10.win32_1.0.200.202301161003/tools/bin/../lib/gcc/arm-none-eabi/10.3.1/../../../../arm-none-eabi/lib/thumb/v7e-m+fp/hard\libc_nano.a(lib_a-nano-svfprintf.o)
                0x000000000800ad40                __ssputs_r
 *fill*         0x000000000800adf6        0x2 
 .text._svfprintf_r
                0x000000000800adf8      0x200 d:/programmation/stm32cubeide_1.12.1/stm32cubeide/plugins/com.st.stm32cube.ide.mcu.externaltools.gnu-tools-for-stm32.10.3-2021.10.win32_1.0.200.202301161003/tools/bin/../lib/gcc/arm-none-eabi/10.3.1/../../../../arm-none-eabi/lib/thumb/v7e-m+fp/hard\libc_nano.a(lib_a-nano-svfprintf.o)
                0x000000000800adf8                _svfiprintf_r
                0x000000000800adf8                _svfprintf_r
 .text.__sfputc_r
                0x000000000800aff8       0x2e d:/programmation/stm32cubeide_1.12.1/stm32cubeide/plugins/com.st.stm32cube.ide.mcu.externaltools.gnu-tools-for-stm32.10.3-2021.10.win32_1.0.200.202301161003/tools/bin/../lib/gcc/arm-none-eabi/10.3.1/../../../../arm-none-eabi/lib/thumb/v7e-m+fp/hard\libc_nano.a(lib_a-nano-vfprintf.o)
 .text.__sfputs_r
                0x000000000800b026       0x24 d:/programmation/stm32cubeide_1.12.1/stm32cubeide/plugins/com.st.stm32cube.ide.mcu.externaltools.gnu-tools-for-stm32.10.3-2021.10.win32_1.0.200.202301161003/tools/bin/../lib/gcc/arm-none-eabi/10.3.1/../../../../arm-none-eabi/lib/thumb/v7e-m+fp/hard\libc_nano.a(lib_a-nano-vfprintf.o)
                0x000000000800b026                __sfputs_r
 *fill*         0x000000000800b04a        0x2 
 .text._vfprintf_r
                0x000000000800b04c      0x260 d:/programmation/stm32cubeide_1.12.1/stm32cubeide/plugins/com.st.stm32cube.ide.mcu.externaltools.gnu-tools-for-stm32.10.3-2021.10.win32_1.0.200.202301161003/tools/bin/../lib/gcc/arm-none-eabi/10.3.1/../../../../arm-none-eabi/lib/thumb/v7e-m+fp/hard\libc_nano.a(lib_a-nano-vfprintf.o)
                0x000000000800b04c                _vfprintf_r
                0x000000000800b04c                _vfiprintf_r
 .text._sbrk_r  0x000000000800b2ac       0x20 d:/programmation/stm32cubeide_1.12.1/stm32cubeide/plugins/com.st.stm32cube.ide.mcu.externaltools.gnu-tools-for-stm32.10.3-2021.10.win32_1.0.200.202301161003/tools/bin/../lib/gcc/arm-none-eabi/10.3.1/../../../../arm-none-eabi/lib/thumb/v7e-m+fp/hard\libc_nano.a(lib_a-sbrkr.o)
                0x000000000800b2ac                _sbrk_r
 .text.__sread  0x000000000800b2cc       0x22 d:/programmation/stm32cubeide_1.12.1/stm32cubeide/plugins/com.st.stm32cube.ide.mcu.externaltools.gnu-tools-for-stm32.10.3-2021.10.win32_1.0.200.202301161003/tools/bin/../lib/gcc/arm-none-eabi/10.3.1/../../../../arm-none-eabi/lib/thumb/v7e-m+fp/hard\libc_nano.a(lib_a-stdio.o)
                0x000000000800b2cc                __sread
 .text.__swrite
                0x000000000800b2ee       0x38 d:/programmation/stm32cubeide_1.12.1/stm32cubeide/plugins/com.st.stm32cube.ide.mcu.externaltools.gnu-tools-for-stm32.10.3-2021.10.win32_1.0.200.202301161003/tools/bin/../lib/gcc/arm-none-eabi/10.3.1/../../../../arm-none-eabi/lib/thumb/v7e-m+fp/hard\libc_nano.a(lib_a-stdio.o)
                0x000000000800b2ee                __swrite
 .text.__sseek  0x000000000800b326       0x24 d:/programmation/stm32cubeide_1.12.1/stm32cubeide/plugins/com.st.stm32cube.ide.mcu.externaltools.gnu-tools-for-stm32.10.3-2021.10.win32_1.0.200.202301161003/tools/bin/../lib/gcc/arm-none-eabi/10.3.1/../../../../arm-none-eabi/lib/thumb/v7e-m+fp/hard\libc_nano.a(lib_a-stdio.o)
                0x000000000800b326                __sseek
 .text.__sclose
                0x000000000800b34a        0x8 d:/programmation/stm32cubeide_1.12.1/stm32cubeide/plugins/com.st.stm32cube.ide.mcu.externaltools.gnu-tools-for-stm32.10.3-2021.10.win32_1.0.200.202301161003/tools/bin/../lib/gcc/arm-none-eabi/10.3.1/../../../../arm-none-eabi/lib/thumb/v7e-m+fp/hard\libc_nano.a(lib_a-stdio.o)
                0x000000000800b34a                __sclose
 *fill*         0x000000000800b352        0x2 
 .text._write_r
                0x000000000800b354       0x24 d:/programmation/stm32cubeide_1.12.1/stm32cubeide/plugins/com.st.stm32cube.ide.mcu.externaltools.gnu-tools-for-stm32.10.3-2021.10.win32_1.0.200.202301161003/tools/bin/../lib/gcc/arm-none-eabi/10.3.1/../../../../arm-none-eabi/lib/thumb/v7e-m+fp/hard\libc_nano.a(lib_a-writer.o)
                0x000000000800b354                _write_r
 .text.__assert_func
                0x000000000800b378       0x3c d:/programmation/stm32cubeide_1.12.1/stm32cubeide/plugins/com.st.stm32cube.ide.mcu.externaltools.gnu-tools-for-stm32.10.3-2021.10.win32_1.0.200.202301161003/tools/bin/../lib/gcc/arm-none-eabi/10.3.1/../../../../arm-none-eabi/lib/thumb/v7e-m+fp/hard\libc_nano.a(lib_a-assert.o)
                0x000000000800b378                __assert_func
 .text._close_r
                0x000000000800b3b4       0x20 d:/programmation/stm32cubeide_1.12.1/stm32cubeide/plugins/com.st.stm32cube.ide.mcu.externaltools.gnu-tools-for-stm32.10.3-2021.10.win32_1.0.200.202301161003/tools/bin/../lib/gcc/arm-none-eabi/10.3.1/../../../../arm-none-eabi/lib/thumb/v7e-m+fp/hard\libc_nano.a(lib_a-closer.o)
                0x000000000800b3b4                _close_r
 .text.fprintf  0x000000000800b3d4       0x24 d:/programmation/stm32cubeide_1.12.1/stm32cubeide/plugins/com.st.stm32cube.ide.mcu.externaltools.gnu-tools-for-stm32.10.3-2021.10.win32_1.0.200.202301161003/tools/bin/../lib/gcc/arm-none-eabi/10.3.1/../../../../arm-none-eabi/lib/thumb/v7e-m+fp/hard\libc_nano.a(lib_a-fprintf.o)
                0x000000000800b3d4                fiprintf
                0x000000000800b3d4                fprintf
 .text._fstat_r
                0x000000000800b3f8       0x24 d:/programmation/stm32cubeide_1.12.1/stm32cubeide/plugins/com.st.stm32cube.ide.mcu.externaltools.gnu-tools-for-stm32.10.3-2021.10.win32_1.0.200.202301161003/tools/bin/../lib/gcc/arm-none-eabi/10.3.1/../../../../arm-none-eabi/lib/thumb/v7e-m+fp/hard\libc_nano.a(lib_a-fstatr.o)
                0x000000000800b3f8                _fstat_r
 .text._isatty_r
                0x000000000800b41c       0x20 d:/programmation/stm32cubeide_1.12.1/stm32cubeide/plugins/com.st.stm32cube.ide.mcu.externaltools.gnu-tools-for-stm32.10.3-2021.10.win32_1.0.200.202301161003/tools/bin/../lib/gcc/arm-none-eabi/10.3.1/../../../../arm-none-eabi/lib/thumb/v7e-m+fp/hard\libc_nano.a(lib_a-isattyr.o)
                0x000000000800b41c                _isatty_r
 .text._lseek_r
                0x000000000800b43c       0x24 d:/programmation/stm32cubeide_1.12.1/stm32cubeide/plugins/com.st.stm32cube.ide.mcu.externaltools.gnu-tools-for-stm32.10.3-2021.10.win32_1.0.200.202301161003/tools/bin/../lib/gcc/arm-none-eabi/10.3.1/../../../../arm-none-eabi/lib/thumb/v7e-m+fp/hard\libc_nano.a(lib_a-lseekr.o)
                0x000000000800b43c                _lseek_r
 .text.__ascii_mbtowc
                0x000000000800b460       0x24 d:/programmation/stm32cubeide_1.12.1/stm32cubeide/plugins/com.st.stm32cube.ide.mcu.externaltools.gnu-tools-for-stm32.10.3-2021.10.win32_1.0.200.202301161003/tools/bin/../lib/gcc/arm-none-eabi/10.3.1/../../../../arm-none-eabi/lib/thumb/v7e-m+fp/hard\libc_nano.a(lib_a-mbtowc_r.o)
                0x000000000800b460                __ascii_mbtowc
 .text.memmove  0x000000000800b484       0x34 d:/programmation/stm32cubeide_1.12.1/stm32cubeide/plugins/com.st.stm32cube.ide.mcu.externaltools.gnu-tools-for-stm32.10.3-2021.10.win32_1.0.200.202301161003/tools/bin/../lib/gcc/arm-none-eabi/10.3.1/../../../../arm-none-eabi/lib/thumb/v7e-m+fp/hard\libc_nano.a(lib_a-memmove.o)
                0x000000000800b484                memmove
 .text.__malloc_lock
                0x000000000800b4b8        0xc d:/programmation/stm32cubeide_1.12.1/stm32cubeide/plugins/com.st.stm32cube.ide.mcu.externaltools.gnu-tools-for-stm32.10.3-2021.10.win32_1.0.200.202301161003/tools/bin/../lib/gcc/arm-none-eabi/10.3.1/../../../../arm-none-eabi/lib/thumb/v7e-m+fp/hard\libc_nano.a(lib_a-mlock.o)
                0x000000000800b4b8                __malloc_lock
 .text.__malloc_unlock
                0x000000000800b4c4        0xc d:/programmation/stm32cubeide_1.12.1/stm32cubeide/plugins/com.st.stm32cube.ide.mcu.externaltools.gnu-tools-for-stm32.10.3-2021.10.win32_1.0.200.202301161003/tools/bin/../lib/gcc/arm-none-eabi/10.3.1/../../../../arm-none-eabi/lib/thumb/v7e-m+fp/hard\libc_nano.a(lib_a-mlock.o)
                0x000000000800b4c4                __malloc_unlock
 .text._realloc_r
                0x000000000800b4d0       0x5e d:/programmation/stm32cubeide_1.12.1/stm32cubeide/plugins/com.st.stm32cube.ide.mcu.externaltools.gnu-tools-for-stm32.10.3-2021.10.win32_1.0.200.202301161003/tools/bin/../lib/gcc/arm-none-eabi/10.3.1/../../../../arm-none-eabi/lib/thumb/v7e-m+fp/hard\libc_nano.a(lib_a-nano-reallocr.o)
                0x000000000800b4d0                _realloc_r
 *fill*         0x000000000800b52e        0x2 
 .text._read_r  0x000000000800b530       0x24 d:/programmation/stm32cubeide_1.12.1/stm32cubeide/plugins/com.st.stm32cube.ide.mcu.externaltools.gnu-tools-for-stm32.10.3-2021.10.win32_1.0.200.202301161003/tools/bin/../lib/gcc/arm-none-eabi/10.3.1/../../../../arm-none-eabi/lib/thumb/v7e-m+fp/hard\libc_nano.a(lib_a-readr.o)
                0x000000000800b530                _read_r
 .text.__ascii_wctomb
                0x000000000800b554       0x1a d:/programmation/stm32cubeide_1.12.1/stm32cubeide/plugins/com.st.stm32cube.ide.mcu.externaltools.gnu-tools-for-stm32.10.3-2021.10.win32_1.0.200.202301161003/tools/bin/../lib/gcc/arm-none-eabi/10.3.1/../../../../arm-none-eabi/lib/thumb/v7e-m+fp/hard\libc_nano.a(lib_a-wctomb_r.o)
                0x000000000800b554                __ascii_wctomb
 .text.abort    0x000000000800b56e        0xe d:/programmation/stm32cubeide_1.12.1/stm32cubeide/plugins/com.st.stm32cube.ide.mcu.externaltools.gnu-tools-for-stm32.10.3-2021.10.win32_1.0.200.202301161003/tools/bin/../lib/gcc/arm-none-eabi/10.3.1/../../../../arm-none-eabi/lib/thumb/v7e-m+fp/hard\libc_nano.a(lib_a-abort.o)
                0x000000000800b56e                abort
 .text._malloc_usable_size_r
                0x000000000800b57c       0x10 d:/programmation/stm32cubeide_1.12.1/stm32cubeide/plugins/com.st.stm32cube.ide.mcu.externaltools.gnu-tools-for-stm32.10.3-2021.10.win32_1.0.200.202301161003/tools/bin/../lib/gcc/arm-none-eabi/10.3.1/../../../../arm-none-eabi/lib/thumb/v7e-m+fp/hard\libc_nano.a(lib_a-nano-msizer.o)
                0x000000000800b57c                _malloc_usable_size_r
 .text._raise_r
                0x000000000800b58c       0x50 d:/programmation/stm32cubeide_1.12.1/stm32cubeide/plugins/com.st.stm32cube.ide.mcu.externaltools.gnu-tools-for-stm32.10.3-2021.10.win32_1.0.200.202301161003/tools/bin/../lib/gcc/arm-none-eabi/10.3.1/../../../../arm-none-eabi/lib/thumb/v7e-m+fp/hard\libc_nano.a(lib_a-signal.o)
                0x000000000800b58c                _raise_r
 .text.raise    0x000000000800b5dc       0x10 d:/programmation/stm32cubeide_1.12.1/stm32cubeide/plugins/com.st.stm32cube.ide.mcu.externaltools.gnu-tools-for-stm32.10.3-2021.10.win32_1.0.200.202301161003/tools/bin/../lib/gcc/arm-none-eabi/10.3.1/../../../../arm-none-eabi/lib/thumb/v7e-m+fp/hard\libc_nano.a(lib_a-signal.o)
                0x000000000800b5dc                raise
 .text._kill_r  0x000000000800b5ec       0x24 d:/programmation/stm32cubeide_1.12.1/stm32cubeide/plugins/com.st.stm32cube.ide.mcu.externaltools.gnu-tools-for-stm32.10.3-2021.10.win32_1.0.200.202301161003/tools/bin/../lib/gcc/arm-none-eabi/10.3.1/../../../../arm-none-eabi/lib/thumb/v7e-m+fp/hard\libc_nano.a(lib_a-signalr.o)
                0x000000000800b5ec                _kill_r
 .text._getpid_r
                0x000000000800b610        0x4 d:/programmation/stm32cubeide_1.12.1/stm32cubeide/plugins/com.st.stm32cube.ide.mcu.externaltools.gnu-tools-for-stm32.10.3-2021.10.win32_1.0.200.202301161003/tools/bin/../lib/gcc/arm-none-eabi/10.3.1/../../../../arm-none-eabi/lib/thumb/v7e-m+fp/hard\libc_nano.a(lib_a-signalr.o)
                0x000000000800b610                _getpid_r
 *(.glue_7)
 .glue_7        0x000000000800b614        0x0 linker stubs
 *(.glue_7t)
 .glue_7t       0x000000000800b614        0x0 linker stubs
 *(.eh_frame)
 .eh_frame      0x000000000800b614        0x0 d:/programmation/stm32cubeide_1.12.1/stm32cubeide/plugins/com.st.stm32cube.ide.mcu.externaltools.gnu-tools-for-stm32.10.3-2021.10.win32_1.0.200.202301161003/tools/bin/../lib/gcc/arm-none-eabi/10.3.1/thumb/v7e-m+fp/hard/crtbegin.o
 *(.init)
 .init          0x000000000800b614        0x4 d:/programmation/stm32cubeide_1.12.1/stm32cubeide/plugins/com.st.stm32cube.ide.mcu.externaltools.gnu-tools-for-stm32.10.3-2021.10.win32_1.0.200.202301161003/tools/bin/../lib/gcc/arm-none-eabi/10.3.1/thumb/v7e-m+fp/hard/crti.o
                0x000000000800b614                _init
 .init          0x000000000800b618        0x8 d:/programmation/stm32cubeide_1.12.1/stm32cubeide/plugins/com.st.stm32cube.ide.mcu.externaltools.gnu-tools-for-stm32.10.3-2021.10.win32_1.0.200.202301161003/tools/bin/../lib/gcc/arm-none-eabi/10.3.1/thumb/v7e-m+fp/hard/crtn.o
 *(.fini)
 .fini          0x000000000800b620        0x4 d:/programmation/stm32cubeide_1.12.1/stm32cubeide/plugins/com.st.stm32cube.ide.mcu.externaltools.gnu-tools-for-stm32.10.3-2021.10.win32_1.0.200.202301161003/tools/bin/../lib/gcc/arm-none-eabi/10.3.1/thumb/v7e-m+fp/hard/crti.o
                0x000000000800b620                _fini
 .fini          0x000000000800b624        0x8 d:/programmation/stm32cubeide_1.12.1/stm32cubeide/plugins/com.st.stm32cube.ide.mcu.externaltools.gnu-tools-for-stm32.10.3-2021.10.win32_1.0.200.202301161003/tools/bin/../lib/gcc/arm-none-eabi/10.3.1/thumb/v7e-m+fp/hard/crtn.o
                0x000000000800b62c                . = ALIGN (0x4)
                0x000000000800b62c                _etext = .

.vfp11_veneer   0x000000000800b62c        0x0
 .vfp11_veneer  0x000000000800b62c        0x0 linker stubs

.v4_bx          0x000000000800b62c        0x0
 .v4_bx         0x000000000800b62c        0x0 linker stubs

.iplt           0x000000000800b62c        0x0
 .iplt          0x000000000800b62c        0x0 d:/programmation/stm32cubeide_1.12.1/stm32cubeide/plugins/com.st.stm32cube.ide.mcu.externaltools.gnu-tools-for-stm32.10.3-2021.10.win32_1.0.200.202301161003/tools/bin/../lib/gcc/arm-none-eabi/10.3.1/thumb/v7e-m+fp/hard/crtbegin.o

.rodata         0x000000000800b630      0x9bc
                0x000000000800b630                . = ALIGN (0x4)
 *(.rodata)
 .rodata        0x000000000800b630      0x13e ./Core/Src/main.o
 *fill*         0x000000000800b76e        0x2 
 .rodata        0x000000000800b770       0x48 ./Middlewares/Third_Party/FatFs/src/ff.o
 *(.rodata*)
 .rodata.AHBPrescTable
                0x000000000800b7b8       0x10 ./Core/Src/system_stm32f4xx.o
                0x000000000800b7b8                AHBPrescTable
 .rodata.APBPrescTable
                0x000000000800b7c8        0x8 ./Core/Src/system_stm32f4xx.o
                0x000000000800b7c8                APBPrescTable
 .rodata.ExCvt  0x000000000800b7d0       0x80 ./Middlewares/Third_Party/FatFs/src/ff.o
 .rodata.LfnOfs
                0x000000000800b850        0xd ./Middlewares/Third_Party/FatFs/src/ff.o
 *fill*         0x000000000800b85d        0x3 
 .rodata.Tbl    0x000000000800b860      0x100 ./Middlewares/Third_Party/FatFs/src/option/ccsbcs.o
 .rodata.cvt1.1
                0x000000000800b960      0x1f2 ./Middlewares/Third_Party/FatFs/src/option/ccsbcs.o
 *fill*         0x000000000800bb52        0x2 
 .rodata.cvt2.0
                0x000000000800bb54       0xbc ./Middlewares/Third_Party/FatFs/src/option/ccsbcs.o
 .rodata._global_impure_ptr
                0x000000000800bc10        0x4 d:/programmation/stm32cubeide_1.12.1/stm32cubeide/plugins/com.st.stm32cube.ide.mcu.externaltools.gnu-tools-for-stm32.10.3-2021.10.win32_1.0.200.202301161003/tools/bin/../lib/gcc/arm-none-eabi/10.3.1/../../../../arm-none-eabi/lib/thumb/v7e-m+fp/hard\libc_nano.a(lib_a-impure.o)
                0x000000000800bc10                _global_impure_ptr
 .rodata._printf_float.str1.1
                0x000000000800bc14       0x12 d:/programmation/stm32cubeide_1.12.1/stm32cubeide/plugins/com.st.stm32cube.ide.mcu.externaltools.gnu-tools-for-stm32.10.3-2021.10.win32_1.0.200.202301161003/tools/bin/../lib/gcc/arm-none-eabi/10.3.1/../../../../arm-none-eabi/lib/thumb/v7e-m+fp/hard\libc_nano.a(lib_a-nano-vfprintf_float.o)
 .rodata._printf_i.str1.1
                0x000000000800bc26       0x22 d:/programmation/stm32cubeide_1.12.1/stm32cubeide/plugins/com.st.stm32cube.ide.mcu.externaltools.gnu-tools-for-stm32.10.3-2021.10.win32_1.0.200.202301161003/tools/bin/../lib/gcc/arm-none-eabi/10.3.1/../../../../arm-none-eabi/lib/thumb/v7e-m+fp/hard\libc_nano.a(lib_a-nano-vfprintf_i.o)
 .rodata._dtoa_r.str1.1
                0x000000000800bc48       0x90 d:/programmation/stm32cubeide_1.12.1/stm32cubeide/plugins/com.st.stm32cube.ide.mcu.externaltools.gnu-tools-for-stm32.10.3-2021.10.win32_1.0.200.202301161003/tools/bin/../lib/gcc/arm-none-eabi/10.3.1/../../../../arm-none-eabi/lib/thumb/v7e-m+fp/hard\libc_nano.a(lib_a-dtoa.o)
                                         0x92 (size before relaxing)
 .rodata.__sf_fake_stderr
                0x000000000800bcd8       0x20 d:/programmation/stm32cubeide_1.12.1/stm32cubeide/plugins/com.st.stm32cube.ide.mcu.externaltools.gnu-tools-for-stm32.10.3-2021.10.win32_1.0.200.202301161003/tools/bin/../lib/gcc/arm-none-eabi/10.3.1/../../../../arm-none-eabi/lib/thumb/v7e-m+fp/hard\libc_nano.a(lib_a-findfp.o)
                0x000000000800bcd8                __sf_fake_stderr
 .rodata.__sf_fake_stdin
                0x000000000800bcf8       0x20 d:/programmation/stm32cubeide_1.12.1/stm32cubeide/plugins/com.st.stm32cube.ide.mcu.externaltools.gnu-tools-for-stm32.10.3-2021.10.win32_1.0.200.202301161003/tools/bin/../lib/gcc/arm-none-eabi/10.3.1/../../../../arm-none-eabi/lib/thumb/v7e-m+fp/hard\libc_nano.a(lib_a-findfp.o)
                0x000000000800bcf8                __sf_fake_stdin
 .rodata.__sf_fake_stdout
                0x000000000800bd18       0x20 d:/programmation/stm32cubeide_1.12.1/stm32cubeide/plugins/com.st.stm32cube.ide.mcu.externaltools.gnu-tools-for-stm32.10.3-2021.10.win32_1.0.200.202301161003/tools/bin/../lib/gcc/arm-none-eabi/10.3.1/../../../../arm-none-eabi/lib/thumb/v7e-m+fp/hard\libc_nano.a(lib_a-findfp.o)
                0x000000000800bd18                __sf_fake_stdout
 .rodata._Balloc.str1.1
                0x000000000800bd38       0x5c d:/programmation/stm32cubeide_1.12.1/stm32cubeide/plugins/com.st.stm32cube.ide.mcu.externaltools.gnu-tools-for-stm32.10.3-2021.10.win32_1.0.200.202301161003/tools/bin/../lib/gcc/arm-none-eabi/10.3.1/../../../../arm-none-eabi/lib/thumb/v7e-m+fp/hard\libc_nano.a(lib_a-mprec.o)
                                         0x73 (size before relaxing)
 .rodata.__multadd.str1.1
                0x000000000800bd94       0x11 d:/programmation/stm32cubeide_1.12.1/stm32cubeide/plugins/com.st.stm32cube.ide.mcu.externaltools.gnu-tools-for-stm32.10.3-2021.10.win32_1.0.200.202301161003/tools/bin/../lib/gcc/arm-none-eabi/10.3.1/../../../../arm-none-eabi/lib/thumb/v7e-m+fp/hard\libc_nano.a(lib_a-mprec.o)
 *fill*         0x000000000800bd94        0x4 
 .rodata.__mprec_bigtens
                0x000000000800bd98       0x28 d:/programmation/stm32cubeide_1.12.1/stm32cubeide/plugins/com.st.stm32cube.ide.mcu.externaltools.gnu-tools-for-stm32.10.3-2021.10.win32_1.0.200.202301161003/tools/bin/../lib/gcc/arm-none-eabi/10.3.1/../../../../arm-none-eabi/lib/thumb/v7e-m+fp/hard\libc_nano.a(lib_a-mprec.o)
                0x000000000800bd98                __mprec_bigtens
 .rodata.__mprec_tens
                0x000000000800bdc0       0xc8 d:/programmation/stm32cubeide_1.12.1/stm32cubeide/plugins/com.st.stm32cube.ide.mcu.externaltools.gnu-tools-for-stm32.10.3-2021.10.win32_1.0.200.202301161003/tools/bin/../lib/gcc/arm-none-eabi/10.3.1/../../../../arm-none-eabi/lib/thumb/v7e-m+fp/hard\libc_nano.a(lib_a-mprec.o)
                0x000000000800bdc0                __mprec_tens
 .rodata.p05.0  0x000000000800be88        0xc d:/programmation/stm32cubeide_1.12.1/stm32cubeide/plugins/com.st.stm32cube.ide.mcu.externaltools.gnu-tools-for-stm32.10.3-2021.10.win32_1.0.200.202301161003/tools/bin/../lib/gcc/arm-none-eabi/10.3.1/../../../../arm-none-eabi/lib/thumb/v7e-m+fp/hard\libc_nano.a(lib_a-mprec.o)
 .rodata._svfprintf_r.str1.1
                0x000000000800be94       0x11 d:/programmation/stm32cubeide_1.12.1/stm32cubeide/plugins/com.st.stm32cube.ide.mcu.externaltools.gnu-tools-for-stm32.10.3-2021.10.win32_1.0.200.202301161003/tools/bin/../lib/gcc/arm-none-eabi/10.3.1/../../../../arm-none-eabi/lib/thumb/v7e-m+fp/hard\libc_nano.a(lib_a-nano-svfprintf.o)
 .rodata._vfprintf_r.str1.1
                0x000000000800bea5       0x11 d:/programmation/stm32cubeide_1.12.1/stm32cubeide/plugins/com.st.stm32cube.ide.mcu.externaltools.gnu-tools-for-stm32.10.3-2021.10.win32_1.0.200.202301161003/tools/bin/../lib/gcc/arm-none-eabi/10.3.1/../../../../arm-none-eabi/lib/thumb/v7e-m+fp/hard\libc_nano.a(lib_a-nano-vfprintf.o)
 .rodata.__assert_func.str1.1
                0x000000000800bea5       0x3c d:/programmation/stm32cubeide_1.12.1/stm32cubeide/plugins/com.st.stm32cube.ide.mcu.externaltools.gnu-tools-for-stm32.10.3-2021.10.win32_1.0.200.202301161003/tools/bin/../lib/gcc/arm-none-eabi/10.3.1/../../../../arm-none-eabi/lib/thumb/v7e-m+fp/hard\libc_nano.a(lib_a-assert.o)
                                         0x3d (size before relaxing)
 .rodata._setlocale_r.str1.1
                0x000000000800bee1        0x8 d:/programmation/stm32cubeide_1.12.1/stm32cubeide/plugins/com.st.stm32cube.ide.mcu.externaltools.gnu-tools-for-stm32.10.3-2021.10.win32_1.0.200.202301161003/tools/bin/../lib/gcc/arm-none-eabi/10.3.1/../../../../arm-none-eabi/lib/thumb/v7e-m+fp/hard\libc_nano.a(lib_a-locale.o)
                                          0x9 (size before relaxing)
 .rodata.str1.1
                0x000000000800bee9        0x2 d:/programmation/stm32cubeide_1.12.1/stm32cubeide/plugins/com.st.stm32cube.ide.mcu.externaltools.gnu-tools-for-stm32.10.3-2021.10.win32_1.0.200.202301161003/tools/bin/../lib/gcc/arm-none-eabi/10.3.1/../../../../arm-none-eabi/lib/thumb/v7e-m+fp/hard\libc_nano.a(lib_a-locale.o)
 .rodata._ctype_
                0x000000000800beeb      0x101 d:/programmation/stm32cubeide_1.12.1/stm32cubeide/plugins/com.st.stm32cube.ide.mcu.externaltools.gnu-tools-for-stm32.10.3-2021.10.win32_1.0.200.202301161003/tools/bin/../lib/gcc/arm-none-eabi/10.3.1/../../../../arm-none-eabi/lib/thumb/v7e-m+fp/hard\libc_nano.a(lib_a-ctype_.o)
                0x000000000800beeb                _ctype_
                0x000000000800bfec                . = ALIGN (0x4)

.ARM.extab      0x000000000800bfec        0x0
                0x000000000800bfec                . = ALIGN (0x4)
 *(.ARM.extab* .gnu.linkonce.armextab.*)
                0x000000000800bfec                . = ALIGN (0x4)

.ARM            0x000000000800bfec        0x8
                0x000000000800bfec                . = ALIGN (0x4)
                0x000000000800bfec                __exidx_start = .
 *(.ARM.exidx*)
 .ARM.exidx     0x000000000800bfec        0x8 d:/programmation/stm32cubeide_1.12.1/stm32cubeide/plugins/com.st.stm32cube.ide.mcu.externaltools.gnu-tools-for-stm32.10.3-2021.10.win32_1.0.200.202301161003/tools/bin/../lib/gcc/arm-none-eabi/10.3.1/thumb/v7e-m+fp/hard\libgcc.a(_udivmoddi4.o)
                0x000000000800bff4                __exidx_end = .
                0x000000000800bff4                . = ALIGN (0x4)

.rel.dyn        0x000000000800bff4        0x0
 .rel.iplt      0x000000000800bff4        0x0 d:/programmation/stm32cubeide_1.12.1/stm32cubeide/plugins/com.st.stm32cube.ide.mcu.externaltools.gnu-tools-for-stm32.10.3-2021.10.win32_1.0.200.202301161003/tools/bin/../lib/gcc/arm-none-eabi/10.3.1/thumb/v7e-m+fp/hard/crtbegin.o

.preinit_array  0x000000000800bff4        0x0
                0x000000000800bff4                . = ALIGN (0x4)
                0x000000000800bff4                PROVIDE (__preinit_array_start = .)
 *(.preinit_array*)
                0x000000000800bff4                PROVIDE (__preinit_array_end = .)
                0x000000000800bff4                . = ALIGN (0x4)

.init_array     0x000000000800bff4        0x4
                0x000000000800bff4                . = ALIGN (0x4)
                0x000000000800bff4                PROVIDE (__init_array_start = .)
 *(SORT_BY_NAME(.init_array.*))
 *(.init_array*)
 .init_array    0x000000000800bff4        0x4 d:/programmation/stm32cubeide_1.12.1/stm32cubeide/plugins/com.st.stm32cube.ide.mcu.externaltools.gnu-tools-for-stm32.10.3-2021.10.win32_1.0.200.202301161003/tools/bin/../lib/gcc/arm-none-eabi/10.3.1/thumb/v7e-m+fp/hard/crtbegin.o
                0x000000000800bff8                PROVIDE (__init_array_end = .)
                0x000000000800bff8                . = ALIGN (0x4)

.fini_array     0x000000000800bff8        0x4
                0x000000000800bff8                . = ALIGN (0x4)
                [!provide]                        PROVIDE (__fini_array_start = .)
 *(SORT_BY_NAME(.fini_array.*))
 *(.fini_array*)
 .fini_array    0x000000000800bff8        0x4 d:/programmation/stm32cubeide_1.12.1/stm32cubeide/plugins/com.st.stm32cube.ide.mcu.externaltools.gnu-tools-for-stm32.10.3-2021.10.win32_1.0.200.202301161003/tools/bin/../lib/gcc/arm-none-eabi/10.3.1/thumb/v7e-m+fp/hard/crtbegin.o
                [!provide]                        PROVIDE (__fini_array_end = .)
                0x000000000800bffc                . = ALIGN (0x4)
                0x000000000800bffc                _sidata = LOADADDR (.data)

.data           0x0000000020000000      0x1f4 load address 0x000000000800bffc
                0x0000000020000000                . = ALIGN (0x4)
                0x0000000020000000                _sdata = .
 *(.data)
 *(.data*)
 .data.Stat     0x0000000020000000        0x1 ./Core/Src/fatfs_sd_card.o
 *fill*         0x0000000020000001        0x3 
 .data.SystemCoreClock
                0x0000000020000004        0x4 ./Core/Src/system_stm32f4xx.o
                0x0000000020000004                SystemCoreClock
 .data.uwTickPrio
                0x0000000020000008        0x4 ./Drivers/STM32F4xx_HAL_Driver/Src/stm32f4xx_hal.o
                0x0000000020000008                uwTickPrio
 .data.uwTickFreq
                0x000000002000000c        0x1 ./Drivers/STM32F4xx_HAL_Driver/Src/stm32f4xx_hal.o
                0x000000002000000c                uwTickFreq
 *fill*         0x000000002000000d        0x3 
 .data.USER_Driver
                0x0000000020000010       0x14 ./FATFS/Target/user_diskio.o
                0x0000000020000010                USER_Driver
 .data._impure_ptr
                0x0000000020000024        0x4 d:/programmation/stm32cubeide_1.12.1/stm32cubeide/plugins/com.st.stm32cube.ide.mcu.externaltools.gnu-tools-for-stm32.10.3-2021.10.win32_1.0.200.202301161003/tools/bin/../lib/gcc/arm-none-eabi/10.3.1/../../../../arm-none-eabi/lib/thumb/v7e-m+fp/hard\libc_nano.a(lib_a-impure.o)
                0x0000000020000024                _impure_ptr
 .data.impure_data
                0x0000000020000028       0x60 d:/programmation/stm32cubeide_1.12.1/stm32cubeide/plugins/com.st.stm32cube.ide.mcu.externaltools.gnu-tools-for-stm32.10.3-2021.10.win32_1.0.200.202301161003/tools/bin/../lib/gcc/arm-none-eabi/10.3.1/../../../../arm-none-eabi/lib/thumb/v7e-m+fp/hard\libc_nano.a(lib_a-impure.o)
 .data.__global_locale
                0x0000000020000088      0x16c d:/programmation/stm32cubeide_1.12.1/stm32cubeide/plugins/com.st.stm32cube.ide.mcu.externaltools.gnu-tools-for-stm32.10.3-2021.10.win32_1.0.200.202301161003/tools/bin/../lib/gcc/arm-none-eabi/10.3.1/../../../../arm-none-eabi/lib/thumb/v7e-m+fp/hard\libc_nano.a(lib_a-locale.o)
                0x0000000020000088                __global_locale
 *(.RamFunc)
 *(.RamFunc*)
                0x00000000200001f4                . = ALIGN (0x4)
                0x00000000200001f4                _edata = .

.igot.plt       0x00000000200001f4        0x0 load address 0x000000000800c1f0
 .igot.plt      0x00000000200001f4        0x0 d:/programmation/stm32cubeide_1.12.1/stm32cubeide/plugins/com.st.stm32cube.ide.mcu.externaltools.gnu-tools-for-stm32.10.3-2021.10.win32_1.0.200.202301161003/tools/bin/../lib/gcc/arm-none-eabi/10.3.1/thumb/v7e-m+fp/hard/crtbegin.o
                0x00000000200001f4                . = ALIGN (0x4)

.bss            0x00000000200001f4      0x3c0 load address 0x000000000800c1f0
                0x00000000200001f4                _sbss = .
                0x00000000200001f4                __bss_start__ = _sbss
 *(.bss)
 .bss           0x00000000200001f4       0x1c d:/programmation/stm32cubeide_1.12.1/stm32cubeide/plugins/com.st.stm32cube.ide.mcu.externaltools.gnu-tools-for-stm32.10.3-2021.10.win32_1.0.200.202301161003/tools/bin/../lib/gcc/arm-none-eabi/10.3.1/thumb/v7e-m+fp/hard/crtbegin.o
 *(.bss*)
 .bss.Timer1    0x0000000020000210        0x2 ./Core/Src/fatfs_sd_card.o
                0x0000000020000210                Timer1
 .bss.Timer2    0x0000000020000212        0x2 ./Core/Src/fatfs_sd_card.o
                0x0000000020000212                Timer2
 .bss.CardType  0x0000000020000214        0x1 ./Core/Src/fatfs_sd_card.o
 .bss.PowerFlag
                0x0000000020000215        0x1 ./Core/Src/fatfs_sd_card.o
 *fill*         0x0000000020000216        0x2 
 .bss.currentTick.3
                0x0000000020000218        0x4 ./Core/Src/main.o
 .bss.ackTick.2
                0x000000002000021c        0x4 ./Core/Src/main.o
 .bss.index.1   0x0000000020000220        0x4 ./Core/Src/main.o
 .bss.sdTick.0  0x0000000020000224        0x4 ./Core/Src/main.o
 .bss.hspi1     0x0000000020000228       0x58 ./Core/Src/spi.o
                0x0000000020000228                hspi1
 .bss.hspi3     0x0000000020000280       0x58 ./Core/Src/spi.o
                0x0000000020000280                hspi3
 .bss.__sbrk_heap_end
                0x00000000200002d8        0x4 ./Core/Src/sysmem.o
 .bss.huart1    0x00000000200002dc       0x44 ./Core/Src/usart.o
                0x00000000200002dc                huart1
 .bss.huart2    0x0000000020000320       0x44 ./Core/Src/usart.o
                0x0000000020000320                huart2
 .bss.uwTick    0x0000000020000364        0x4 ./Drivers/STM32F4xx_HAL_Driver/Src/stm32f4xx_hal.o
                0x0000000020000364                uwTick
 .bss.retUSER   0x0000000020000368        0x1 ./FATFS/App/fatfs.o
                0x0000000020000368                retUSER
 *fill*         0x0000000020000369        0x3 
 .bss.USERPath  0x000000002000036c        0x4 ./FATFS/App/fatfs.o
                0x000000002000036c                USERPath
 .bss.FatFs     0x0000000020000370        0x4 ./Middlewares/Third_Party/FatFs/src/ff.o
 .bss.Fsid      0x0000000020000374        0x2 ./Middlewares/Third_Party/FatFs/src/ff.o
 *fill*         0x0000000020000376        0x2 
 .bss.Files     0x0000000020000378       0x20 ./Middlewares/Third_Party/FatFs/src/ff.o
 .bss.LfnBuf    0x0000000020000398      0x200 ./Middlewares/Third_Party/FatFs/src/ff.o
 .bss.disk      0x0000000020000598        0xc ./Middlewares/Third_Party/FatFs/src/ff_gen_drv.o
                0x0000000020000598                disk
 .bss.__lock___malloc_recursive_mutex
                0x00000000200005a4        0x1 d:/programmation/stm32cubeide_1.12.1/stm32cubeide/plugins/com.st.stm32cube.ide.mcu.externaltools.gnu-tools-for-stm32.10.3-2021.10.win32_1.0.200.202301161003/tools/bin/../lib/gcc/arm-none-eabi/10.3.1/../../../../arm-none-eabi/lib/thumb/v7e-m+fp/hard\libc_nano.a(lib_a-lock.o)
                0x00000000200005a4                __lock___malloc_recursive_mutex
 .bss.__lock___sfp_recursive_mutex
                0x00000000200005a5        0x1 d:/programmation/stm32cubeide_1.12.1/stm32cubeide/plugins/com.st.stm32cube.ide.mcu.externaltools.gnu-tools-for-stm32.10.3-2021.10.win32_1.0.200.202301161003/tools/bin/../lib/gcc/arm-none-eabi/10.3.1/../../../../arm-none-eabi/lib/thumb/v7e-m+fp/hard\libc_nano.a(lib_a-lock.o)
                0x00000000200005a5                __lock___sfp_recursive_mutex