../Core/Src/fatfs_sd_card.c:17:13:SELECT	8	static
../Core/Src/fatfs_sd_card.c:23:13:DESELECT	8	static
../Core/Src/fatfs_sd_card.c:29:13:SPI_TxByte	16	static
../Core/Src/fatfs_sd_card.c:35:13:SPI_TxBuffer	16	static
../Core/Src/fatfs_sd_card.c:41:16:SPI_RxByte	24	static
../Core/Src/fatfs_sd_card.c:50:13:SPI_RxBytePtr	16	static
../Core/Src/fatfs_sd_card.c:58:16:SD_ReadyWait	16	static
../Core/Src/fatfs_sd_card.c:70:13:SD_PowerOn	24	static
../Core/Src/fatfs_sd_card.c:100:13:SD_PowerOff	4	static
../Core/Src/fatfs_sd_card.c:105:16:SD_CheckPower	4	static
../Core/Src/fatfs_sd_card.c:110:13:SD_RxDataBlock	24	static
../Core/Src/fatfs_sd_card.c:132:13:SD_TxDataBlock	24	static
../Core/Src/fatfs_sd_card.c:164:13:SD_SendCmd	24	static
../Core/Src/fatfs_sd_card.c:194:9:SD_disk_initialize	32	static
../Core/Src/fatfs_sd_card.c:276:9:SD_disk_status	16	static
../Core/Src/fatfs_sd_card.c:282:9:SD_disk_read	24	static
../Core/Src/fatfs_sd_card.c:316:9:SD_disk_write	24	static
../Core/Src/fatfs_sd_card.c:361:9:SD_disk_ioctl	56	static
